../Drivers/STM32H7xx_HAL_Driver/Src/stm32h7xx_hal_ramecc.c:135:19:HAL_RAMECC_Init	16	static
../Drivers/STM32H7xx_HAL_Driver/Src/stm32h7xx_hal_ramecc.c:181:19:HAL_RAMECC_DeInit	16	static
../Drivers/STM32H7xx_HAL_Driver/Src/stm32h7xx_hal_ramecc.c:249:19:HAL_RAMECC_StartMonitor	16	static
../Drivers/STM32H7xx_HAL_Driver/Src/stm32h7xx_hal_ramecc.c:287:19:HAL_RAMECC_StopMonitor	16	static
../Drivers/STM32H7xx_HAL_Driver/Src/stm32h7xx_hal_ramecc.c:326:19:HAL_RAMECC_EnableNotification	16	static
../Drivers/STM32H7xx_HAL_Driver/Src/stm32h7xx_hal_ramecc.c:366:19:HAL_RAMECC_DisableNotification	16	static
../Drivers/STM32H7xx_HAL_Driver/Src/stm32h7xx_hal_ramecc.c:407:19:HAL_RAMECC_RegisterCallback	24	static
../Drivers/STM32H7xx_HAL_Driver/Src/stm32h7xx_hal_ramecc.c:449:19:HAL_RAMECC_UnRegisterCallback	24	static
../Drivers/STM32H7xx_HAL_Driver/Src/stm32h7xx_hal_ramecc.c:482:6:HAL_RAMECC_IRQHandler	32	static
../Drivers/STM32H7xx_HAL_Driver/Src/stm32h7xx_hal_ramecc.c:531:10:HAL_RAMECC_GetFailingAddress	16	static
../Drivers/STM32H7xx_HAL_Driver/Src/stm32h7xx_hal_ramecc.c:548:10:HAL_RAMECC_GetFailingDataLow	16	static
../Drivers/STM32H7xx_HAL_Driver/Src/stm32h7xx_hal_ramecc.c:565:10:HAL_RAMECC_GetFailingDataHigh	16	static
../Drivers/STM32H7xx_HAL_Driver/Src/stm32h7xx_hal_ramecc.c:582:10:HAL_RAMECC_GetHammingErrorCode	16	static
../Drivers/STM32H7xx_HAL_Driver/Src/stm32h7xx_hal_ramecc.c:598:10:HAL_RAMECC_IsECCSingleErrorDetected	16	static
../Drivers/STM32H7xx_HAL_Driver/Src/stm32h7xx_hal_ramecc.c:614:10:HAL_RAMECC_IsECCDoubleErrorDetected	16	static
../Drivers/STM32H7xx_HAL_Driver/Src/stm32h7xx_hal_ramecc.c:653:25:HAL_RAMECC_GetState	16	static
../Drivers/STM32H7xx_HAL_Driver/Src/stm32h7xx_hal_ramecc.c:666:10:HAL_RAMECC_GetError	16	static
