../Drivers/STM32H7xx_HAL_Driver/Src/stm32h7xx_hal_ospi.c:342:19:HAL_OSPI_Init	32	static
../Drivers/STM32H7xx_HAL_Driver/Src/stm32h7xx_hal_ospi.c:474:13:HAL_OSPI_MspInit	16	static
../Drivers/STM32H7xx_HAL_Driver/Src/stm32h7xx_hal_ospi.c:489:19:HAL_OSPI_DeInit	24	static
../Drivers/STM32H7xx_HAL_Driver/Src/stm32h7xx_hal_ospi.c:532:13:HAL_OSPI_MspDeInit	16	static
../Drivers/STM32H7xx_HAL_Driver/Src/stm32h7xx_hal_ospi.c:572:6:HAL_OSPI_IRQHandler	32	static
../Drivers/STM32H7xx_HAL_Driver/Src/stm32h7xx_hal_ospi.c:803:19:HAL_OSPI_Command	48	static
../Drivers/STM32H7xx_HAL_Driver/Src/stm32h7xx_hal_ospi.c:935:19:HAL_OSPI_Command_IT	32	static
../Drivers/STM32H7xx_HAL_Driver/Src/stm32h7xx_hal_ospi.c:1025:19:HAL_OSPI_HyperbusCfg	48	static
../Drivers/STM32H7xx_HAL_Driver/Src/stm32h7xx_hal_ospi.c:1072:19:HAL_OSPI_HyperbusCmd	40	static
../Drivers/STM32H7xx_HAL_Driver/Src/stm32h7xx_hal_ospi.c:1134:19:HAL_OSPI_Transmit	48	static
../Drivers/STM32H7xx_HAL_Driver/Src/stm32h7xx_hal_ospi.c:1208:19:HAL_OSPI_Receive	56	static
../Drivers/STM32H7xx_HAL_Driver/Src/stm32h7xx_hal_ospi.c:1300:19:HAL_OSPI_Transmit_IT	24	static
../Drivers/STM32H7xx_HAL_Driver/Src/stm32h7xx_hal_ospi.c:1350:19:HAL_OSPI_Receive_IT	32	static
../Drivers/STM32H7xx_HAL_Driver/Src/stm32h7xx_hal_ospi.c:1423:19:HAL_OSPI_Transmit_DMA	40	static
../Drivers/STM32H7xx_HAL_Driver/Src/stm32h7xx_hal_ospi.c:1524:19:HAL_OSPI_Receive_DMA	48	static
../Drivers/STM32H7xx_HAL_Driver/Src/stm32h7xx_hal_ospi.c:1640:19:HAL_OSPI_AutoPolling	48	static
../Drivers/STM32H7xx_HAL_Driver/Src/stm32h7xx_hal_ospi.c:1718:19:HAL_OSPI_AutoPolling_IT	40	static
../Drivers/STM32H7xx_HAL_Driver/Src/stm32h7xx_hal_ospi.c:1793:19:HAL_OSPI_MemoryMapped	32	static
../Drivers/STM32H7xx_HAL_Driver/Src/stm32h7xx_hal_ospi.c:1846:13:HAL_OSPI_ErrorCallback	16	static
../Drivers/STM32H7xx_HAL_Driver/Src/stm32h7xx_hal_ospi.c:1861:13:HAL_OSPI_AbortCpltCallback	16	static
../Drivers/STM32H7xx_HAL_Driver/Src/stm32h7xx_hal_ospi.c:1876:13:HAL_OSPI_FifoThresholdCallback	16	static
../Drivers/STM32H7xx_HAL_Driver/Src/stm32h7xx_hal_ospi.c:1891:13:HAL_OSPI_CmdCpltCallback	16	static
../Drivers/STM32H7xx_HAL_Driver/Src/stm32h7xx_hal_ospi.c:1906:13:HAL_OSPI_RxCpltCallback	16	static
../Drivers/STM32H7xx_HAL_Driver/Src/stm32h7xx_hal_ospi.c:1921:14:HAL_OSPI_TxCpltCallback	16	static
../Drivers/STM32H7xx_HAL_Driver/Src/stm32h7xx_hal_ospi.c:1936:13:HAL_OSPI_RxHalfCpltCallback	16	static
../Drivers/STM32H7xx_HAL_Driver/Src/stm32h7xx_hal_ospi.c:1951:13:HAL_OSPI_TxHalfCpltCallback	16	static
../Drivers/STM32H7xx_HAL_Driver/Src/stm32h7xx_hal_ospi.c:1966:13:HAL_OSPI_StatusMatchCallback	16	static
../Drivers/STM32H7xx_HAL_Driver/Src/stm32h7xx_hal_ospi.c:1981:13:HAL_OSPI_TimeOutCallback	16	static
../Drivers/STM32H7xx_HAL_Driver/Src/stm32h7xx_hal_ospi.c:2232:19:HAL_OSPI_Abort	40	static
../Drivers/STM32H7xx_HAL_Driver/Src/stm32h7xx_hal_ospi.c:2300:19:HAL_OSPI_Abort_IT	24	static
../Drivers/STM32H7xx_HAL_Driver/Src/stm32h7xx_hal_ospi.c:2378:19:HAL_OSPI_SetFifoThreshold	24	static
../Drivers/STM32H7xx_HAL_Driver/Src/stm32h7xx_hal_ospi.c:2406:10:HAL_OSPI_GetFifoThreshold	16	static
../Drivers/STM32H7xx_HAL_Driver/Src/stm32h7xx_hal_ospi.c:2416:19:HAL_OSPI_SetTimeout	16	static
../Drivers/STM32H7xx_HAL_Driver/Src/stm32h7xx_hal_ospi.c:2427:10:HAL_OSPI_GetError	16	static
../Drivers/STM32H7xx_HAL_Driver/Src/stm32h7xx_hal_ospi.c:2437:10:HAL_OSPI_GetState	16	static
../Drivers/STM32H7xx_HAL_Driver/Src/stm32h7xx_hal_ospi.c:2469:19:HAL_OSPIM_Config	88	static
../Drivers/STM32H7xx_HAL_Driver/Src/stm32h7xx_hal_ospi.c:2721:13:OSPI_DMACplt	24	static
../Drivers/STM32H7xx_HAL_Driver/Src/stm32h7xx_hal_ospi.c:2741:13:OSPI_DMAError	24	static
../Drivers/STM32H7xx_HAL_Driver/Src/stm32h7xx_hal_ospi.c:2773:13:OSPI_DMAAbortCplt	24	static
../Drivers/STM32H7xx_HAL_Driver/Src/stm32h7xx_hal_ospi.c:2830:26:OSPI_WaitFlagStateUntilTimeout	24	static
../Drivers/STM32H7xx_HAL_Driver/Src/stm32h7xx_hal_ospi.c:2857:26:OSPI_ConfigCmd	40	static
../Drivers/STM32H7xx_HAL_Driver/Src/stm32h7xx_hal_ospi.c:3038:26:OSPIM_GetConfig	32	static
