../Drivers/STM32H7xx_HAL_Driver/Src/stm32h7xx_hal_dcmi.c:173:19:HAL_DCMI_Init	16	static
../Drivers/STM32H7xx_HAL_Driver/Src/stm32h7xx_hal_dcmi.c:270:19:HAL_DCMI_DeInit	16	static
../Drivers/STM32H7xx_HAL_Driver/Src/stm32h7xx_hal_dcmi.c:302:13:HAL_DCMI_MspInit	16	static
../Drivers/STM32H7xx_HAL_Driver/Src/stm32h7xx_hal_dcmi.c:318:13:HAL_DCMI_MspDeInit	16	static
../Drivers/STM32H7xx_HAL_Driver/Src/stm32h7xx_hal_dcmi.c:357:19:HAL_DCMI_Start_DMA	40	static
../Drivers/STM32H7xx_HAL_Driver/Src/stm32h7xx_hal_dcmi.c:462:19:HAL_DCMI_Stop	24	static
../Drivers/STM32H7xx_HAL_Driver/Src/stm32h7xx_hal_dcmi.c:516:19:HAL_DCMI_Suspend	24	static
../Drivers/STM32H7xx_HAL_Driver/Src/stm32h7xx_hal_dcmi.c:563:19:HAL_DCMI_Resume	16	static
../Drivers/STM32H7xx_HAL_Driver/Src/stm32h7xx_hal_dcmi.c:589:6:HAL_DCMI_IRQHandler	24	static
../Drivers/STM32H7xx_HAL_Driver/Src/stm32h7xx_hal_dcmi.c:689:13:HAL_DCMI_ErrorCallback	16	static
../Drivers/STM32H7xx_HAL_Driver/Src/stm32h7xx_hal_dcmi.c:705:13:HAL_DCMI_LineEventCallback	16	static
../Drivers/STM32H7xx_HAL_Driver/Src/stm32h7xx_hal_dcmi.c:720:13:HAL_DCMI_VsyncEventCallback	16	static
../Drivers/STM32H7xx_HAL_Driver/Src/stm32h7xx_hal_dcmi.c:736:13:HAL_DCMI_FrameEventCallback	16	static
../Drivers/STM32H7xx_HAL_Driver/Src/stm32h7xx_hal_dcmi.c:776:19:HAL_DCMI_ConfigCrop	24	static
../Drivers/STM32H7xx_HAL_Driver/Src/stm32h7xx_hal_dcmi.c:809:19:HAL_DCMI_DisableCrop	16	static
../Drivers/STM32H7xx_HAL_Driver/Src/stm32h7xx_hal_dcmi.c:835:19:HAL_DCMI_EnableCrop	16	static
../Drivers/STM32H7xx_HAL_Driver/Src/stm32h7xx_hal_dcmi.c:863:20:HAL_DCMI_ConfigSyncUnmask	16	static
../Drivers/STM32H7xx_HAL_Driver/Src/stm32h7xx_hal_dcmi.c:912:23:HAL_DCMI_GetState	16	static
../Drivers/STM32H7xx_HAL_Driver/Src/stm32h7xx_hal_dcmi.c:923:10:HAL_DCMI_GetError	16	static
../Drivers/STM32H7xx_HAL_Driver/Src/stm32h7xx_hal_dcmi.c:1122:13:DCMI_DMAXferCplt	24	static
../Drivers/STM32H7xx_HAL_Driver/Src/stm32h7xx_hal_dcmi.c:1187:13:DCMI_DMAError	24	static
