Archive member included to satisfy reference by file (symbol)

c:/st/stm32cubeide_1.11.0/stm32cubeide/plugins/com.st.stm32cube.ide.mcu.externaltools.gnu-tools-for-stm32.10.3-2021.10.win32_1.0.100.202210260954/tools/bin/../lib/gcc/arm-none-eabi/10.3.1/../../../../arm-none-eabi/lib/thumb/v7e-m+dp/hard\libc_nano.a(lib_a-errno.o)
                              ./Core/Src/syscalls.o (__errno)
c:/st/stm32cubeide_1.11.0/stm32cubeide/plugins/com.st.stm32cube.ide.mcu.externaltools.gnu-tools-for-stm32.10.3-2021.10.win32_1.0.100.202210260954/tools/bin/../lib/gcc/arm-none-eabi/10.3.1/../../../../arm-none-eabi/lib/thumb/v7e-m+dp/hard\libc_nano.a(lib_a-exit.o)
                              c:/st/stm32cubeide_1.11.0/stm32cubeide/plugins/com.st.stm32cube.ide.mcu.externaltools.gnu-tools-for-stm32.10.3-2021.10.win32_1.0.100.202210260954/tools/bin/../lib/gcc/arm-none-eabi/10.3.1/../../../../arm-none-eabi/lib/thumb/v7e-m+dp/hard/crt0.o (exit)
c:/st/stm32cubeide_1.11.0/stm32cubeide/plugins/com.st.stm32cube.ide.mcu.externaltools.gnu-tools-for-stm32.10.3-2021.10.win32_1.0.100.202210260954/tools/bin/../lib/gcc/arm-none-eabi/10.3.1/../../../../arm-none-eabi/lib/thumb/v7e-m+dp/hard\libc_nano.a(lib_a-impure.o)
                              c:/st/stm32cubeide_1.11.0/stm32cubeide/plugins/com.st.stm32cube.ide.mcu.externaltools.gnu-tools-for-stm32.10.3-2021.10.win32_1.0.100.202210260954/tools/bin/../lib/gcc/arm-none-eabi/10.3.1/../../../../arm-none-eabi/lib/thumb/v7e-m+dp/hard\libc_nano.a(lib_a-exit.o) (_global_impure_ptr)
c:/st/stm32cubeide_1.11.0/stm32cubeide/plugins/com.st.stm32cube.ide.mcu.externaltools.gnu-tools-for-stm32.10.3-2021.10.win32_1.0.100.202210260954/tools/bin/../lib/gcc/arm-none-eabi/10.3.1/../../../../arm-none-eabi/lib/thumb/v7e-m+dp/hard\libc_nano.a(lib_a-init.o)
                              c:/st/stm32cubeide_1.11.0/stm32cubeide/plugins/com.st.stm32cube.ide.mcu.externaltools.gnu-tools-for-stm32.10.3-2021.10.win32_1.0.100.202210260954/tools/bin/../lib/gcc/arm-none-eabi/10.3.1/../../../../arm-none-eabi/lib/thumb/v7e-m+dp/hard/crt0.o (__libc_init_array)
c:/st/stm32cubeide_1.11.0/stm32cubeide/plugins/com.st.stm32cube.ide.mcu.externaltools.gnu-tools-for-stm32.10.3-2021.10.win32_1.0.100.202210260954/tools/bin/../lib/gcc/arm-none-eabi/10.3.1/../../../../arm-none-eabi/lib/thumb/v7e-m+dp/hard\libc_nano.a(lib_a-memcpy-stub.o)
                              ./Core/Src/octospi.o (memcpy)
c:/st/stm32cubeide_1.11.0/stm32cubeide/plugins/com.st.stm32cube.ide.mcu.externaltools.gnu-tools-for-stm32.10.3-2021.10.win32_1.0.100.202210260954/tools/bin/../lib/gcc/arm-none-eabi/10.3.1/../../../../arm-none-eabi/lib/thumb/v7e-m+dp/hard\libc_nano.a(lib_a-memset.o)
                              c:/st/stm32cubeide_1.11.0/stm32cubeide/plugins/com.st.stm32cube.ide.mcu.externaltools.gnu-tools-for-stm32.10.3-2021.10.win32_1.0.100.202210260954/tools/bin/../lib/gcc/arm-none-eabi/10.3.1/../../../../arm-none-eabi/lib/thumb/v7e-m+dp/hard/crt0.o (memset)
c:/st/stm32cubeide_1.11.0/stm32cubeide/plugins/com.st.stm32cube.ide.mcu.externaltools.gnu-tools-for-stm32.10.3-2021.10.win32_1.0.100.202210260954/tools/bin/../lib/gcc/arm-none-eabi/10.3.1/../../../../arm-none-eabi/lib/thumb/v7e-m+dp/hard\libc_nano.a(lib_a-nano-vfprintf_float.o)
                              (_printf_float)
c:/st/stm32cubeide_1.11.0/stm32cubeide/plugins/com.st.stm32cube.ide.mcu.externaltools.gnu-tools-for-stm32.10.3-2021.10.win32_1.0.100.202210260954/tools/bin/../lib/gcc/arm-none-eabi/10.3.1/../../../../arm-none-eabi/lib/thumb/v7e-m+dp/hard\libc_nano.a(lib_a-nano-vfprintf_i.o)
                              c:/st/stm32cubeide_1.11.0/stm32cubeide/plugins/com.st.stm32cube.ide.mcu.externaltools.gnu-tools-for-stm32.10.3-2021.10.win32_1.0.100.202210260954/tools/bin/../lib/gcc/arm-none-eabi/10.3.1/../../../../arm-none-eabi/lib/thumb/v7e-m+dp/hard\libc_nano.a(lib_a-nano-vfprintf_float.o) (_printf_common)
c:/st/stm32cubeide_1.11.0/stm32cubeide/plugins/com.st.stm32cube.ide.mcu.externaltools.gnu-tools-for-stm32.10.3-2021.10.win32_1.0.100.202210260954/tools/bin/../lib/gcc/arm-none-eabi/10.3.1/../../../../arm-none-eabi/lib/thumb/v7e-m+dp/hard\libc_nano.a(lib_a-printf.o)
                              ./Core/Src/log.o (printf)
c:/st/stm32cubeide_1.11.0/stm32cubeide/plugins/com.st.stm32cube.ide.mcu.externaltools.gnu-tools-for-stm32.10.3-2021.10.win32_1.0.100.202210260954/tools/bin/../lib/gcc/arm-none-eabi/10.3.1/../../../../arm-none-eabi/lib/thumb/v7e-m+dp/hard\libc_nano.a(lib_a-puts.o)
                              ./Core/Src/log.o (puts)
c:/st/stm32cubeide_1.11.0/stm32cubeide/plugins/com.st.stm32cube.ide.mcu.externaltools.gnu-tools-for-stm32.10.3-2021.10.win32_1.0.100.202210260954/tools/bin/../lib/gcc/arm-none-eabi/10.3.1/../../../../arm-none-eabi/lib/thumb/v7e-m+dp/hard\libc_nano.a(lib_a-strlen.o)
[...]
Memory Configuration

Name             Origin             Length             Attributes
ITCMRAM          0x0000000000000000 0x0000000000010000 xrw
DTCMRAM          0x0000000020000000 0x0000000000020000 xrw
FLASH            0x0000000008000000 0x0000000000100000 xr
RAM_D1           0x0000000024000000 0x0000000000050000 xrw
RAM_D2           0x0000000030000000 0x0000000000008000 xrw
RAM_D3           0x0000000038000000 0x0000000000004000 xrw
*default*        0x0000000000000000 0xffffffffffffffff

Linker script and memory map

LOAD c:/st/stm32cubeide_1.11.0/stm32cubeide/plugins/com.st.stm32cube.ide.mcu.externaltools.gnu-tools-for-stm32.10.3-2021.10.win32_1.0.100.202210260954/tools/bin/../lib/gcc/arm-none-eabi/10.3.1/thumb/v7e-m+dp/hard/crti.o
LOAD c:/st/stm32cubeide_1.11.0/stm32cubeide/plugins/com.st.stm32cube.ide.mcu.externaltools.gnu-tools-for-stm32.10.3-2021.10.win32_1.0.100.202210260954/tools/bin/../lib/gcc/arm-none-eabi/10.3.1/thumb/v7e-m+dp/hard/crtbegin.o
LOAD c:/st/stm32cubeide_1.11.0/stm32cubeide/plugins/com.st.stm32cube.ide.mcu.externaltools.gnu-tools-for-stm32.10.3-2021.10.win32_1.0.100.202210260954/tools/bin/../lib/gcc/arm-none-eabi/10.3.1/../../../../arm-none-eabi/lib/thumb/v7e-m+dp/hard/crt0.o
LOAD ./Core/Src/dcmi.o
LOAD ./Core/Src/gpio.o
LOAD ./Core/Src/i2c.o
LOAD ./Core/Src/log.o
LOAD ./Core/Src/main.o
LOAD ./Core/Src/octospi.o
LOAD ./Core/Src/stm32h7xx_hal_msp.o
LOAD ./Core/Src/stm32h7xx_it.o
LOAD ./Core/Src/syscalls.o
LOAD ./Core/Src/sysmem.o
LOAD ./Core/Src/system_stm32h7xx.o
LOAD ./Core/Src/usart.o
LOAD ./Core/Startup/startup_stm32h723zgtx.o
LOAD ./Drivers/APS6408/aps6408.o
LOAD ./Drivers/ICM20948/ICM20948.o
LOAD ./Drivers/INA236/INA236.o
LOAD ./Drivers/MAX17262/MAX17262.o
LOAD ./Drivers/PCA9543/PCA9543.o
LOAD ./Drivers/STM32H7xx_HAL_Driver/Src/stm32h7xx_hal.o
LOAD ./Drivers/STM32H7xx_HAL_Driver/Src/stm32h7xx_hal_cortex.o
LOAD ./Drivers/STM32H7xx_HAL_Driver/Src/stm32h7xx_hal_dcmi.o
LOAD ./Drivers/STM32H7xx_HAL_Driver/Src/stm32h7xx_hal_dma.o
LOAD ./Drivers/STM32H7xx_HAL_Driver/Src/stm32h7xx_hal_dma_ex.o
LOAD ./Drivers/STM32H7xx_HAL_Driver/Src/stm32h7xx_hal_exti.o
LOAD ./Drivers/STM32H7xx_HAL_Driver/Src/stm32h7xx_hal_flash.o
LOAD ./Drivers/STM32H7xx_HAL_Driver/Src/stm32h7xx_hal_flash_ex.o
LOAD ./Drivers/STM32H7xx_HAL_Driver/Src/stm32h7xx_hal_gpio.o
LOAD ./Drivers/STM32H7xx_HAL_Driver/Src/stm32h7xx_hal_hsem.o
LOAD ./Drivers/STM32H7xx_HAL_Driver/Src/stm32h7xx_hal_i2c.o
LOAD ./Drivers/STM32H7xx_HAL_Driver/Src/stm32h7xx_hal_i2c_ex.o
LOAD ./Drivers/STM32H7xx_HAL_Driver/Src/stm32h7xx_hal_mdma.o
LOAD ./Drivers/STM32H7xx_HAL_Driver/Src/stm32h7xx_hal_ospi.o
LOAD ./Drivers/STM32H7xx_HAL_Driver/Src/stm32h7xx_hal_pwr.o
LOAD ./Drivers/STM32H7xx_HAL_Driver/Src/stm32h7xx_hal_pwr_ex.o
LOAD ./Drivers/STM32H7xx_HAL_Driver/Src/stm32h7xx_hal_rcc.o
LOAD ./Drivers/STM32H7xx_HAL_Driver/Src/stm32h7xx_hal_rcc_ex.o
LOAD ./Drivers/STM32H7xx_HAL_Driver/Src/stm32h7xx_hal_tim.o
LOAD ./Drivers/STM32H7xx_HAL_Driver/Src/stm32h7xx_hal_tim_ex.o
LOAD ./Drivers/STM32H7xx_HAL_Driver/Src/stm32h7xx_hal_uart.o
LOAD ./Drivers/STM32H7xx_HAL_Driver/Src/stm32h7xx_hal_uart_ex.o
LOAD ./Drivers/TMP117/TMP117.o
START GROUP
LOAD c:/st/stm32cubeide_1.11.0/stm32cubeide/plugins/com.st.stm32cube.ide.mcu.externaltools.gnu-tools-for-stm32.10.3-2021.10.win32_1.0.100.202210260954/tools/bin/../lib/gcc/arm-none-eabi/10.3.1/../../../../arm-none-eabi/lib/thumb/v7e-m+dp/hard\libc_nano.a
LOAD c:/st/stm32cubeide_1.11.0/stm32cubeide/plugins/com.st.stm32cube.ide.mcu.externaltools.gnu-tools-for-stm32.10.3-2021.10.win32_1.0.100.202210260954/tools/bin/../lib/gcc/arm-none-eabi/10.3.1/../../../../arm-none-eabi/lib/thumb/v7e-m+dp/hard\libm.a
END GROUP
START GROUP
LOAD c:/st/stm32cubeide_1.11.0/stm32cubeide/plugins/com.st.stm32cube.ide.mcu.externaltools.gnu-tools-for-stm32.10.3-2021.10.win32_1.0.100.202210260954/tools/bin/../lib/gcc/arm-none-eabi/10.3.1/thumb/v7e-m+dp/hard\libgcc.a
LOAD c:/st/stm32cubeide_1.11.0/stm32cubeide/plugins/com.st.stm32cube.ide.mcu.externaltools.gnu-tools-for-stm32.10.3-2021.10.win32_1.0.100.202210260954/tools/bin/../lib/gcc/arm-none-eabi/10.3.1/../../../../arm-none-eabi/lib/thumb/v7e-m+dp/hard\libc_nano.a
END GROUP
START GROUP
LOAD c:/st/stm32cubeide_1.11.0/stm32cubeide/plugins/com.st.stm32cube.ide.mcu.externaltools.gnu-tools-for-stm32.10.3-2021.10.win32_1.0.100.202210260954/tools/bin/../lib/gcc/arm-none-eabi/10.3.1/thumb/v7e-m+dp/hard\libgcc.a
LOAD c:/st/stm32cubeide_1.11.0/stm32cubeide/plugins/com.st.stm32cube.ide.mcu.externaltools.gnu-tools-for-stm32.10.3-2021.10.win32_1.0.100.202210260954/tools/bin/../lib/gcc/arm-none-eabi/10.3.1/../../../../arm-none-eabi/lib/thumb/v7e-m+dp/hard\libc_nano.a
LOAD c:/st/stm32cubeide_1.11.0/stm32cubeide/plugins/com.st.stm32cube.ide.mcu.externaltools.gnu-tools-for-stm32.10.3-2021.10.win32_1.0.100.202210260954/tools/bin/../lib/gcc/arm-none-eabi/10.3.1/../../../../arm-none-eabi/lib/thumb/v7e-m+dp/hard\libnosys.a
END GROUP
START GROUP
LOAD c:/st/stm32cubeide_1.11.0/stm32cubeide/plugins/com.st.stm32cube.ide.mcu.externaltools.gnu-tools-for-stm32.10.3-2021.10.win32_1.0.100.202210260954/tools/bin/../lib/gcc/arm-none-eabi/10.3.1/thumb/v7e-m+dp/hard\libgcc.a
LOAD c:/st/stm32cubeide_1.11.0/stm32cubeide/plugins/com.st.stm32cube.ide.mcu.externaltools.gnu-tools-for-stm32.10.3-2021.10.win32_1.0.100.202210260954/tools/bin/../lib/gcc/arm-none-eabi/10.3.1/../../../../arm-none-eabi/lib/thumb/v7e-m+dp/hard\libc_nano.a
LOAD c:/st/stm32cubeide_1.11.0/stm32cubeide/plugins/com.st.stm32cube.ide.mcu.externaltools.gnu-tools-for-stm32.10.3-2021.10.win32_1.0.100.202210260954/tools/bin/../lib/gcc/arm-none-eabi/10.3.1/../../../../arm-none-eabi/lib/thumb/v7e-m+dp/hard\libnosys.a
END GROUP
LOAD c:/st/stm32cubeide_1.11.0/stm32cubeide/plugins/com.st.stm32cube.ide.mcu.externaltools.gnu-tools-for-stm32.10.3-2021.10.win32_1.0.100.202210260954/tools/bin/../lib/gcc/arm-none-eabi/10.3.1/thumb/v7e-m+dp/hard/crtend.o
LOAD c:/st/stm32cubeide_1.11.0/stm32cubeide/plugins/com.st.stm32cube.ide.mcu.externaltools.gnu-tools-for-stm32.10.3-2021.10.win32_1.0.100.202210260954/tools/bin/../lib/gcc/arm-none-eabi/10.3.1/thumb/v7e-m+dp/hard/crtn.o
                0x0000000024050000                _estack = (ORIGIN (RAM_D1) + LENGTH (RAM_D1))
                0x0000000000000200                _Min_Heap_Size = 0x200
                0x0000000000000400                _Min_Stack_Size = 0x400

.isr_vector     0x0000000008000000      0x2cc
                0x0000000008000000                . = ALIGN (0x4)
 *(.isr_vector)
 .isr_vector    0x0000000008000000      0x2cc ./Core/Startup/startup_stm32h723zgtx.o
                0x0000000008000000                g_pfnVectors
                0x00000000080002cc                . = ALIGN (0x4)

.text           0x00000000080002d0     0xad80
                0x00000000080002d0                . = ALIGN (0x4)
 *(.text)
 .text          0x00000000080002d0       0x40 c:/st/stm32cubeide_1.11.0/stm32cubeide/plugins/com.st.stm32cube.ide.mcu.externaltools.gnu-tools-for-stm32.10.3-2021.10.win32_1.0.100.202210260954/tools/bin/../lib/gcc/arm-none-eabi/10.3.1/thumb/v7e-m+dp/hard/crtbegin.o
 .text          0x0000000008000310       0x10 c:/st/stm32cubeide_1.11.0/stm32cubeide/plugins/com.st.stm32cube.ide.mcu.externaltools.gnu-tools-for-stm32.10.3-2021.10.win32_1.0.100.202210260954/tools/bin/../lib/gcc/arm-none-eabi/10.3.1/../../../../arm-none-eabi/lib/thumb/v7e-m+dp/hard\libc_nano.a(lib_a-strlen.o)
                0x0000000008000310                strlen
 .text          0x0000000008000320       0xa0 c:/st/stm32cubeide_1.11.0/stm32cubeide/plugins/com.st.stm32cube.ide.mcu.externaltools.gnu-tools-for-stm32.10.3-2021.10.win32_1.0.100.202210260954/tools/bin/../lib/gcc/arm-none-eabi/10.3.1/../../../../arm-none-eabi/lib/thumb/v7e-m+dp/hard\libc_nano.a(lib_a-memchr.o)
                0x0000000008000320                memchr
 .text          0x00000000080003c0       0x30 c:/st/stm32cubeide_1.11.0/stm32cubeide/plugins/com.st.stm32cube.ide.mcu.externaltools.gnu-tools-for-stm32.10.3-2021.10.win32_1.0.100.202210260954/tools/bin/../lib/gcc/arm-none-eabi/10.3.1/thumb/v7e-m+dp/hard\libgcc.a(_aeabi_uldivmod.o)
                0x00000000080003c0                __aeabi_uldivmod
 .text          0x00000000080003f0      0x2d0 c:/st/stm32cubeide_1.11.0/stm32cubeide/plugins/com.st.stm32cube.ide.mcu.externaltools.gnu-tools-for-stm32.10.3-2021.10.win32_1.0.100.202210260954/tools/bin/../lib/gcc/arm-none-eabi/10.3.1/thumb/v7e-m+dp/hard\libgcc.a(_udivmoddi4.o)
                0x00000000080003f0                __udivmoddi4
 .text          0x00000000080006c0        0x4 c:/st/stm32cubeide_1.11.0/stm32cubeide/plugins/com.st.stm32cube.ide.mcu.externaltools.gnu-tools-for-stm32.10.3-2021.10.win32_1.0.100.202210260954/tools/bin/../lib/gcc/arm-none-eabi/10.3.1/thumb/v7e-m+dp/hard\libgcc.a(_dvmd_tls.o)
                0x00000000080006c0                __aeabi_idiv0
                0x00000000080006c0                __aeabi_ldiv0
 *(.text*)
 .text.MX_DCMI_Init
                0x00000000080006c4       0x6c ./Core/Src/dcmi.o
                0x00000000080006c4                MX_DCMI_Init
 .text.HAL_DCMI_MspInit
                0x0000000008000730      0x1e4 ./Core/Src/dcmi.o
                0x0000000008000730                HAL_DCMI_MspInit
 .text.MX_GPIO_Init
                0x0000000008000914      0x140 ./Core/Src/gpio.o
                0x0000000008000914                MX_GPIO_Init
 .text.MX_I2C1_Init
                0x0000000008000a54       0x9c ./Core/Src/i2c.o
                0x0000000008000a54                MX_I2C1_Init
 .text.MX_I2C2_Init
                0x0000000008000af0       0x9c ./Core/Src/i2c.o
                0x0000000008000af0                MX_I2C2_Init
 .text.HAL_I2C_MspInit
                0x0000000008000b8c      0x180 ./Core/Src/i2c.o
                0x0000000008000b8c                HAL_I2C_MspInit
 .text.I2C1_WriteReg
                0x0000000008000d0c       0x48 ./Core/Src/i2c.o
 .text.I2C1_ReadReg
                0x0000000008000d54       0x48 ./Core/Src/i2c.o
 .text.I2C2_WriteReg
                0x0000000008000d9c       0x48 ./Core/Src/i2c.o
 .text.I2C2_ReadReg
                0x0000000008000de4       0x48 ./Core/Src/i2c.o
 .text.__io_putchar
                0x0000000008000e2c       0x24 ./Core/Src/log.o
                0x0000000008000e2c                __io_putchar
 .text.log_format
                0x0000000008000e50       0x3c ./Core/Src/log.o
                0x0000000008000e50                log_format
 .text.log_error
                0x0000000008000e8c       0x2c ./Core/Src/log.o
                0x0000000008000e8c                log_error
 .text.log_info
                0x0000000008000eb8       0x2c ./Core/Src/log.o
                0x0000000008000eb8                log_info
 .text.main     0x0000000008000ee4      0x18c ./Core/Src/main.o
                0x0000000008000ee4                main
 .text.SystemClock_Config
                0x0000000008001070       0xf0 ./Core/Src/main.o
                0x0000000008001070                SystemClock_Config
 .text.Error_Handler
                0x0000000008001160        0xa ./Core/Src/main.o
                0x0000000008001160                Error_Handler
 *fill*         0x000000000800116a        0x2 
 .text.MX_OCTOSPI1_Init
                0x000000000800116c       0xd0 ./Core/Src/octospi.o
                0x000000000800116c                MX_OCTOSPI1_Init
 .text.HAL_OSPI_MspInit
                0x000000000800123c      0x278 ./Core/Src/octospi.o
                0x000000000800123c                HAL_OSPI_MspInit
 .text.HAL_MspInit
                0x00000000080014b4       0x34 ./Core/Src/stm32h7xx_hal_msp.o
                0x00000000080014b4                HAL_MspInit
 .text.NMI_Handler
                0x00000000080014e8        0x6 ./Core/Src/stm32h7xx_it.o
                0x00000000080014e8                NMI_Handler
 .text.HardFault_Handler
                0x00000000080014ee        0x6 ./Core/Src/stm32h7xx_it.o
                0x00000000080014ee                HardFault_Handler
 .text.MemManage_Handler
                0x00000000080014f4        0x6 ./Core/Src/stm32h7xx_it.o
                0x00000000080014f4                MemManage_Handler
 .text.BusFault_Handler
                0x00000000080014fa        0x6 ./Core/Src/stm32h7xx_it.o
                0x00000000080014fa                BusFault_Handler
 .text.UsageFault_Handler
                0x0000000008001500        0x6 ./Core/Src/stm32h7xx_it.o
                0x0000000008001500                UsageFault_Handler
 .text.SVC_Handler
                0x0000000008001506        0xe ./Core/Src/stm32h7xx_it.o
                0x0000000008001506                SVC_Handler
 .text.DebugMon_Handler
                0x0000000008001514        0xe ./Core/Src/stm32h7xx_it.o
                0x0000000008001514                DebugMon_Handler
 .text.PendSV_Handler
                0x0000000008001522        0xe ./Core/Src/stm32h7xx_it.o
                0x0000000008001522                PendSV_Handler
 .text.SysTick_Handler
                0x0000000008001530        0xc ./Core/Src/stm32h7xx_it.o
                0x0000000008001530                SysTick_Handler
 .text.OCTOSPI1_IRQHandler
                0x000000000800153c       0x14 ./Core/Src/stm32h7xx_it.o
                0x000000000800153c                OCTOSPI1_IRQHandler
 .text._getpid  0x0000000008001550       0x10 ./Core/Src/syscalls.o
                0x0000000008001550                _getpid
 .text._kill    0x0000000008001560       0x20 ./Core/Src/syscalls.o
                0x0000000008001560                _kill
 .text._exit    0x0000000008001580       0x14 ./Core/Src/syscalls.o
                0x0000000008001580                _exit
 .text._read    0x0000000008001594       0x3a ./Core/Src/syscalls.o
                0x0000000008001594                _read
 .text._write   0x00000000080015ce       0x38 ./Core/Src/syscalls.o
                0x00000000080015ce                _write
 .text._close   0x0000000008001606       0x18 ./Core/Src/syscalls.o
                0x0000000008001606                _close
 .text._fstat   0x000000000800161e       0x20 ./Core/Src/syscalls.o
                0x000000000800161e                _fstat
 .text._isatty  0x000000000800163e       0x16 ./Core/Src/syscalls.o
                0x000000000800163e                _isatty
 .text._lseek   0x0000000008001654       0x1a ./Core/Src/syscalls.o
                0x0000000008001654                _lseek
 *fill*         0x000000000800166e        0x2 
 .text._sbrk    0x0000000008001670       0x6c ./Core/Src/sysmem.o
                0x0000000008001670                _sbrk
 .text.SystemInit
                0x00000000080016dc       0xf0 ./Core/Src/system_stm32h7xx.o
                0x00000000080016dc                SystemInit
 .text.MX_USART1_UART_Init
                0x00000000080017cc       0x98 ./Core/Src/usart.o
                0x00000000080017cc                MX_USART1_UART_Init
 .text.HAL_UART_MspInit
                0x0000000008001864       0xcc ./Core/Src/usart.o
                0x0000000008001864                HAL_UART_MspInit
 .text.Reset_Handler
                0x0000000008001930       0x50 ./Core/Startup/startup_stm32h723zgtx.o
                0x0000000008001930                Reset_Handler
 .text.Default_Handler
                0x0000000008001980        0x2 ./Core/Startup/startup_stm32h723zgtx.o
                0x0000000008001980                RTC_Alarm_IRQHandler
                0x0000000008001980                EXTI2_IRQHandler
                0x0000000008001980                TIM8_CC_IRQHandler
                0x0000000008001980                UART8_IRQHandler
                0x0000000008001980                SPI4_IRQHandler
                0x0000000008001980                FDCAN3_IT0_IRQHandler
                0x0000000008001980                TIM1_CC_IRQHandler
                0x0000000008001980                BDMA_Channel6_IRQHandler
                0x0000000008001980                DMA2_Stream5_IRQHandler
                0x0000000008001980                DMA1_Stream5_IRQHandler
                0x0000000008001980                CORDIC_IRQHandler
                0x0000000008001980                BDMA_Channel1_IRQHandler
                0x0000000008001980                TAMP_STAMP_IRQHandler
                0x0000000008001980                EXTI3_IRQHandler
                0x0000000008001980                LPTIM4_IRQHandler
                0x0000000008001980                TIM8_TRG_COM_TIM14_IRQHandler
                0x0000000008001980                LPTIM2_IRQHandler
                0x0000000008001980                DFSDM1_FLT1_IRQHandler
                0x0000000008001980                DMAMUX2_OVR_IRQHandler
                0x0000000008001980                TIM8_UP_TIM13_IRQHandler
                0x0000000008001980                I2C3_ER_IRQHandler
                0x0000000008001980                DFSDM1_FLT2_IRQHandler
                0x0000000008001980                I2C5_EV_IRQHandler
                0x0000000008001980                USART10_IRQHandler
                0x0000000008001980                MDMA_IRQHandler
                0x0000000008001980                LPTIM3_IRQHandler
                0x0000000008001980                HSEM1_IRQHandler
                0x0000000008001980                EXTI0_IRQHandler
                0x0000000008001980                I2C2_EV_IRQHandler
                0x0000000008001980                DMA1_Stream2_IRQHandler
                0x0000000008001980                FPU_IRQHandler
                0x0000000008001980                OTG_HS_WKUP_IRQHandler
                0x0000000008001980                FDCAN1_IT1_IRQHandler
                0x0000000008001980                LTDC_ER_IRQHandler
                0x0000000008001980                DMA2_Stream2_IRQHandler
                0x0000000008001980                SPI1_IRQHandler
                0x0000000008001980                TIM6_DAC_IRQHandler
                0x0000000008001980                DMA2_Stream3_IRQHandler
                0x0000000008001980                OCTOSPI2_IRQHandler
                0x0000000008001980                DFSDM1_FLT3_IRQHandler
                0x0000000008001980                TIM23_IRQHandler
                0x0000000008001980                USART6_IRQHandler
                0x0000000008001980                TIM17_IRQHandler
                0x0000000008001980                USART3_IRQHandler
                0x0000000008001980                BDMA_Channel7_IRQHandler
                0x0000000008001980                LPTIM5_IRQHandler
                0x0000000008001980                UART5_IRQHandler
                0x0000000008001980                ADC3_IRQHandler
                0x0000000008001980                DMA2_Stream0_IRQHandler
                0x0000000008001980                TIM4_IRQHandler
                0x0000000008001980                BDMA_Channel2_IRQHandler
                0x0000000008001980                I2C1_EV_IRQHandler
                0x0000000008001980                DMA1_Stream6_IRQHandler
                0x0000000008001980                DMAMUX1_OVR_IRQHandler
                0x0000000008001980                DMA1_Stream1_IRQHandler
                0x0000000008001980                TIM16_IRQHandler
                0x0000000008001980                UART4_IRQHandler
                0x0000000008001980                BDMA_Channel5_IRQHandler
                0x0000000008001980                TIM3_IRQHandler
                0x0000000008001980                RCC_IRQHandler
                0x0000000008001980                UART9_IRQHandler
                0x0000000008001980                TIM8_BRK_TIM12_IRQHandler
                0x0000000008001980                TIM1_TRG_COM_IRQHandler
                0x0000000008001980                Default_Handler
                0x0000000008001980                ECC_IRQHandler
                0x0000000008001980                FMAC_IRQHandler
                0x0000000008001980                CEC_IRQHandler
                0x0000000008001980                EXTI15_10_IRQHandler
                0x0000000008001980                BDMA_Channel0_IRQHandler
                0x0000000008001980                ADC_IRQHandler
                0x0000000008001980                I2C5_ER_IRQHandler
                0x0000000008001980                DMA1_Stream7_IRQHandler
                0x0000000008001980                SPI5_IRQHandler
                0x0000000008001980                TIM7_IRQHandler
                0x0000000008001980                FDCAN3_IT1_IRQHandler
                0x0000000008001980                SDMMC1_IRQHandler
                0x0000000008001980                TIM5_IRQHandler
                0x0000000008001980                DMA2_Stream7_IRQHandler
                0x0000000008001980                TIM15_IRQHandler
                0x0000000008001980                PVD_AVD_IRQHandler
                0x0000000008001980                I2C3_EV_IRQHandler
                0x0000000008001980                EXTI9_5_IRQHandler
                0x0000000008001980                RTC_WKUP_IRQHandler
                0x0000000008001980                LTDC_IRQHandler
                0x0000000008001980                ETH_WKUP_IRQHandler
                0x0000000008001980                SPDIF_RX_IRQHandler
                0x0000000008001980                SPI2_IRQHandler
                0x0000000008001980                OTG_HS_EP1_IN_IRQHandler
                0x0000000008001980                DMA1_Stream0_IRQHandler
                0x0000000008001980                TIM24_IRQHandler
                0x0000000008001980                CRS_IRQHandler
                0x0000000008001980                EXTI4_IRQHandler
                0x0000000008001980                RNG_IRQHandler
                0x0000000008001980                FDCAN2_IT1_IRQHandler
                0x0000000008001980                ETH_IRQHandler
                0x0000000008001980                TIM1_UP_IRQHandler
                0x0000000008001980                BDMA_Channel4_IRQHandler
                0x0000000008001980                OTG_HS_EP1_OUT_IRQHandler
                0x0000000008001980                WWDG_IRQHandler
                0x0000000008001980                SPI6_IRQHandler
                0x0000000008001980                MDIOS_IRQHandler
                0x0000000008001980                I2C4_EV_IRQHandler
                0x0000000008001980                FDCAN2_IT0_IRQHandler
                0x0000000008001980                LPUART1_IRQHandler
                0x0000000008001980                FDCAN1_IT0_IRQHandler
                0x0000000008001980                TIM2_IRQHandler
                0x0000000008001980                OTG_HS_IRQHandler
                0x0000000008001980                DMA2D_IRQHandler
                0x0000000008001980                TIM1_BRK_IRQHandler
                0x0000000008001980                EXTI1_IRQHandler
                0x0000000008001980                SDMMC2_IRQHandler
                0x0000000008001980                BDMA_Channel3_IRQHandler
                0x0000000008001980                DTS_IRQHandler
                0x0000000008001980                UART7_IRQHandler
                0x0000000008001980                MDIOS_WKUP_IRQHandler
                0x0000000008001980                USART2_IRQHandler
                0x0000000008001980                DFSDM1_FLT0_IRQHandler
                0x0000000008001980                SAI4_IRQHandler
                0x0000000008001980                I2C2_ER_IRQHandler
                0x0000000008001980                DMA2_Stream1_IRQHandler
                0x0000000008001980                FLASH_IRQHandler
                0x0000000008001980                DMA2_Stream4_IRQHandler
                0x0000000008001980                USART1_IRQHandler
                0x0000000008001980                SPI3_IRQHandler
                0x0000000008001980                WAKEUP_PIN_IRQHandler
                0x0000000008001980                DMA1_Stream4_IRQHandler
                0x0000000008001980                I2C1_ER_IRQHandler
                0x0000000008001980                FMC_IRQHandler
                0x0000000008001980                FDCAN_CAL_IRQHandler
                0x0000000008001980                SWPMI1_IRQHandler
                0x0000000008001980                COMP1_IRQHandler
                0x0000000008001980                LPTIM1_IRQHandler
                0x0000000008001980                DCMI_PSSI_IRQHandler
                0x0000000008001980                I2C4_ER_IRQHandler
                0x0000000008001980                DMA2_Stream6_IRQHandler
                0x0000000008001980                SAI1_IRQHandler
                0x0000000008001980                DMA1_Stream3_IRQHandler
 .text.APS6408_EnableMemoryMappedMode
                0x0000000008001982       0xce ./Drivers/APS6408/aps6408.o
                0x0000000008001982                APS6408_EnableMemoryMappedMode
 .text.APS6408_ReadReg
                0x0000000008001a50       0xa6 ./Drivers/APS6408/aps6408.o
                0x0000000008001a50                APS6408_ReadReg
 .text.APS6408_ReadID
                0x0000000008001af6       0x4e ./Drivers/APS6408/aps6408.o
                0x0000000008001af6                APS6408_ReadID
 .text.APS6408_Reset
                0x0000000008001b44       0x86 ./Drivers/APS6408/aps6408.o
                0x0000000008001b44                APS6408_Reset
 .text.INA236_setup
                0x0000000008001bca       0x26 ./Drivers/INA236/INA236.o
                0x0000000008001bca                INA236_setup
 .text.PCA9543_setup
                0x0000000008001bf0       0x26 ./Drivers/PCA9543/PCA9543.o
                0x0000000008001bf0                PCA9543_setup
 .text.PCA9543_set_channel
                0x0000000008001c16       0x46 ./Drivers/PCA9543/PCA9543.o
                0x0000000008001c16                PCA9543_set_channel
 .text.HAL_Init
                0x0000000008001c5c       0x78 ./Drivers/STM32H7xx_HAL_Driver/Src/stm32h7xx_hal.o
                0x0000000008001c5c                HAL_Init
 .text.HAL_InitTick
                0x0000000008001cd4       0x6c ./Drivers/STM32H7xx_HAL_Driver/Src/stm32h7xx_hal.o
                0x0000000008001cd4                HAL_InitTick
 .text.HAL_IncTick
                0x0000000008001d40       0x28 ./Drivers/STM32H7xx_HAL_Driver/Src/stm32h7xx_hal.o
                0x0000000008001d40                HAL_IncTick
 .text.HAL_GetTick
                0x0000000008001d68       0x18 ./Drivers/STM32H7xx_HAL_Driver/Src/stm32h7xx_hal.o
                0x0000000008001d68                HAL_GetTick
 .text.HAL_Delay
                0x0000000008001d80       0x48 ./Drivers/STM32H7xx_HAL_Driver/Src/stm32h7xx_hal.o
                0x0000000008001d80                HAL_Delay
 .text.__NVIC_SetPriorityGrouping
                0x0000000008001dc8       0x48 ./Drivers/STM32H7xx_HAL_Driver/Src/stm32h7xx_hal_cortex.o
 .text.__NVIC_GetPriorityGrouping
                0x0000000008001e10       0x1c ./Drivers/STM32H7xx_HAL_Driver/Src/stm32h7xx_hal_cortex.o
 .text.__NVIC_EnableIRQ
                0x0000000008001e2c       0x3c ./Drivers/STM32H7xx_HAL_Driver/Src/stm32h7xx_hal_cortex.o
 .text.__NVIC_SetPriority
                0x0000000008001e68       0x54 ./Drivers/STM32H7xx_HAL_Driver/Src/stm32h7xx_hal_cortex.o
 .text.NVIC_EncodePriority
                0x0000000008001ebc       0x66 ./Drivers/STM32H7xx_HAL_Driver/Src/stm32h7xx_hal_cortex.o
 *fill*         0x0000000008001f22        0x2 
 .text.SysTick_Config
                0x0000000008001f24       0x44 ./Drivers/STM32H7xx_HAL_Driver/Src/stm32h7xx_hal_cortex.o
 .text.HAL_NVIC_SetPriorityGrouping
                0x0000000008001f68       0x16 ./Drivers/STM32H7xx_HAL_Driver/Src/stm32h7xx_hal_cortex.o
                0x0000000008001f68                HAL_NVIC_SetPriorityGrouping
 .text.HAL_NVIC_SetPriority
                0x0000000008001f7e       0x34 ./Drivers/STM32H7xx_HAL_Driver/Src/stm32h7xx_hal_cortex.o
                0x0000000008001f7e                HAL_NVIC_SetPriority
 .text.HAL_NVIC_EnableIRQ
                0x0000000008001fb2       0x1c ./Drivers/STM32H7xx_HAL_Driver/Src/stm32h7xx_hal_cortex.o
                0x0000000008001fb2                HAL_NVIC_EnableIRQ
 .text.HAL_SYSTICK_Config
                0x0000000008001fce       0x18 ./Drivers/STM32H7xx_HAL_Driver/Src/stm32h7xx_hal_cortex.o
                0x0000000008001fce                HAL_SYSTICK_Config
 *fill*         0x0000000008001fe6        0x2 
 .text.HAL_DCMI_Init
                0x0000000008001fe8       0xf4 ./Drivers/STM32H7xx_HAL_Driver/Src/stm32h7xx_hal_dcmi.o
                0x0000000008001fe8                HAL_DCMI_Init
 .text.HAL_GPIO_Init
                0x00000000080020dc      0x350 ./Drivers/STM32H7xx_HAL_Driver/Src/stm32h7xx_hal_gpio.o
                0x00000000080020dc                HAL_GPIO_Init
 .text.HAL_GPIO_WritePin
                0x000000000800242c       0x32 ./Drivers/STM32H7xx_HAL_Driver/Src/stm32h7xx_hal_gpio.o
                0x000000000800242c                HAL_GPIO_WritePin
 *fill*         0x000000000800245e        0x2 
 .text.HAL_I2C_Init
                0x0000000008002460      0x120 ./Drivers/STM32H7xx_HAL_Driver/Src/stm32h7xx_hal_i2c.o
                0x0000000008002460                HAL_I2C_Init
 .text.HAL_I2C_Master_Transmit
                0x0000000008002580      0x1e8 ./Drivers/STM32H7xx_HAL_Driver/Src/stm32h7xx_hal_i2c.o
                0x0000000008002580                HAL_I2C_Master_Transmit
 .text.HAL_I2C_Mem_Write
                0x0000000008002768      0x228 ./Drivers/STM32H7xx_HAL_Driver/Src/stm32h7xx_hal_i2c.o
                0x0000000008002768                HAL_I2C_Mem_Write
 .text.HAL_I2C_Mem_Read
                0x0000000008002990      0x234 ./Drivers/STM32H7xx_HAL_Driver/Src/stm32h7xx_hal_i2c.o
                0x0000000008002990                HAL_I2C_Mem_Read
 .text.HAL_I2C_IsDeviceReady
                0x0000000008002bc4      0x210 ./Drivers/STM32H7xx_HAL_Driver/Src/stm32h7xx_hal_i2c.o
                0x0000000008002bc4                HAL_I2C_IsDeviceReady
 .text.I2C_RequestMemoryWrite
                0x0000000008002dd4       0xa8 ./Drivers/STM32H7xx_HAL_Driver/Src/stm32h7xx_hal_i2c.o
 .text.I2C_RequestMemoryRead
                0x0000000008002e7c       0xa8 ./Drivers/STM32H7xx_HAL_Driver/Src/stm32h7xx_hal_i2c.o
 .text.I2C_Flush_TXDR
                0x0000000008002f24       0x48 ./Drivers/STM32H7xx_HAL_Driver/Src/stm32h7xx_hal_i2c.o
 .text.I2C_WaitOnFlagUntilTimeout
                0x0000000008002f6c       0x80 ./Drivers/STM32H7xx_HAL_Driver/Src/stm32h7xx_hal_i2c.o
 .text.I2C_WaitOnTXISFlagUntilTimeout
                0x0000000008002fec       0x80 ./Drivers/STM32H7xx_HAL_Driver/Src/stm32h7xx_hal_i2c.o
 .text.I2C_WaitOnSTOPFlagUntilTimeout
                0x000000000800306c       0x78 ./Drivers/STM32H7xx_HAL_Driver/Src/stm32h7xx_hal_i2c.o
 .text.I2C_IsErrorOccurred
                0x00000000080030e4      0x1d8 ./Drivers/STM32H7xx_HAL_Driver/Src/stm32h7xx_hal_i2c.o
 .text.I2C_TransferConfig
                0x00000000080032bc       0x64 ./Drivers/STM32H7xx_HAL_Driver/Src/stm32h7xx_hal_i2c.o
 .text.HAL_I2CEx_ConfigAnalogFilter
                0x0000000008003320       0x96 ./Drivers/STM32H7xx_HAL_Driver/Src/stm32h7xx_hal_i2c_ex.o
                0x0000000008003320                HAL_I2CEx_ConfigAnalogFilter
 .text.HAL_I2CEx_ConfigDigitalFilter
                0x00000000080033b6       0x98 ./Drivers/STM32H7xx_HAL_Driver/Src/stm32h7xx_hal_i2c_ex.o
                0x00000000080033b6                HAL_I2CEx_ConfigDigitalFilter
 .text.HAL_MDMA_Abort_IT
                0x000000000800344e       0x4e ./Drivers/STM32H7xx_HAL_Driver/Src/stm32h7xx_hal_mdma.o
                0x000000000800344e                HAL_MDMA_Abort_IT
 .text.HAL_OSPI_Init
                0x000000000800349c      0x178 ./Drivers/STM32H7xx_HAL_Driver/Src/stm32h7xx_hal_ospi.o
                0x000000000800349c                HAL_OSPI_Init
 .text.HAL_OSPI_IRQHandler
                0x0000000008003614      0x284 ./Drivers/STM32H7xx_HAL_Driver/Src/stm32h7xx_hal_ospi.o
                0x0000000008003614                HAL_OSPI_IRQHandler
 .text.HAL_OSPI_Command
                0x0000000008003898      0x11a ./Drivers/STM32H7xx_HAL_Driver/Src/stm32h7xx_hal_ospi.o
                0x0000000008003898                HAL_OSPI_Command
 .text.HAL_OSPI_Receive
                0x00000000080039b2      0x146 ./Drivers/STM32H7xx_HAL_Driver/Src/stm32h7xx_hal_ospi.o
                0x00000000080039b2                HAL_OSPI_Receive
 .text.HAL_OSPI_MemoryMapped
                0x0000000008003af8       0x9c ./Drivers/STM32H7xx_HAL_Driver/Src/stm32h7xx_hal_ospi.o
                0x0000000008003af8                HAL_OSPI_MemoryMapped
 .text.HAL_OSPI_ErrorCallback
                0x0000000008003b94       0x14 ./Drivers/STM32H7xx_HAL_Driver/Src/stm32h7xx_hal_ospi.o
                0x0000000008003b94                HAL_OSPI_ErrorCallback
 .text.HAL_OSPI_AbortCpltCallback
                0x0000000008003ba8       0x14 ./Drivers/STM32H7xx_HAL_Driver/Src/stm32h7xx_hal_ospi.o
                0x0000000008003ba8                HAL_OSPI_AbortCpltCallback
 .text.HAL_OSPI_FifoThresholdCallback
                0x0000000008003bbc       0x14 ./Drivers/STM32H7xx_HAL_Driver/Src/stm32h7xx_hal_ospi.o
                0x0000000008003bbc                HAL_OSPI_FifoThresholdCallback
 .text.HAL_OSPI_CmdCpltCallback
                0x0000000008003bd0       0x14 ./Drivers/STM32H7xx_HAL_Driver/Src/stm32h7xx_hal_ospi.o
                0x0000000008003bd0                HAL_OSPI_CmdCpltCallback
 .text.HAL_OSPI_RxCpltCallback
                0x0000000008003be4       0x14 ./Drivers/STM32H7xx_HAL_Driver/Src/stm32h7xx_hal_ospi.o
                0x0000000008003be4                HAL_OSPI_RxCpltCallback
 .text.HAL_OSPI_TxCpltCallback
                0x0000000008003bf8       0x14 ./Drivers/STM32H7xx_HAL_Driver/Src/stm32h7xx_hal_ospi.o
                0x0000000008003bf8                HAL_OSPI_TxCpltCallback
 .text.HAL_OSPI_StatusMatchCallback
                0x0000000008003c0c       0x14 ./Drivers/STM32H7xx_HAL_Driver/Src/stm32h7xx_hal_ospi.o
                0x0000000008003c0c                HAL_OSPI_StatusMatchCallback
 .text.HAL_OSPI_TimeOutCallback
                0x0000000008003c20       0x14 ./Drivers/STM32H7xx_HAL_Driver/Src/stm32h7xx_hal_ospi.o
                0x0000000008003c20                HAL_OSPI_TimeOutCallback
 .text.HAL_OSPI_SetTimeout
                0x0000000008003c34       0x1e ./Drivers/STM32H7xx_HAL_Driver/Src/stm32h7xx_hal_ospi.o
                0x0000000008003c34                HAL_OSPI_SetTimeout
 *fill*         0x0000000008003c52        0x2 
 .text.HAL_OSPIM_Config
                0x0000000008003c54      0x9d0 ./Drivers/STM32H7xx_HAL_Driver/Src/stm32h7xx_hal_ospi.o
                0x0000000008003c54                HAL_OSPIM_Config
 .text.OSPI_DMAAbortCplt
                0x0000000008004624       0x78 ./Drivers/STM32H7xx_HAL_Driver/Src/stm32h7xx_hal_ospi.o
 .text.OSPI_WaitFlagStateUntilTimeout
                0x000000000800469c       0x6e ./Drivers/STM32H7xx_HAL_Driver/Src/stm32h7xx_hal_ospi.o
 *fill*         0x000000000800470a        0x2 
 .text.OSPI_ConfigCmd
                0x000000000800470c      0x2f4 ./Drivers/STM32H7xx_HAL_Driver/Src/stm32h7xx_hal_ospi.o
 .text.OSPIM_GetConfig
                0x0000000008004a00      0x174 ./Drivers/STM32H7xx_HAL_Driver/Src/stm32h7xx_hal_ospi.o
 .text.HAL_PWREx_ConfigSupply
                0x0000000008004b74       0x74 ./Drivers/STM32H7xx_HAL_Driver/Src/stm32h7xx_hal_pwr_ex.o
                0x0000000008004b74                HAL_PWREx_ConfigSupply
 .text.HAL_RCC_OscConfig
                0x0000000008004be8      0x75c ./Drivers/STM32H7xx_HAL_Driver/Src/stm32h7xx_hal_rcc.o
                0x0000000008004be8                HAL_RCC_OscConfig
 .text.HAL_RCC_ClockConfig
                0x0000000008005344      0x36c ./Drivers/STM32H7xx_HAL_Driver/Src/stm32h7xx_hal_rcc.o
                0x0000000008005344                HAL_RCC_ClockConfig
 .text.HAL_RCC_GetSysClockFreq
                0x00000000080056b0      0x2f4 ./Drivers/STM32H7xx_HAL_Driver/Src/stm32h7xx_hal_rcc.o
                0x00000000080056b0                HAL_RCC_GetSysClockFreq
 .text.HAL_RCC_GetHCLKFreq
                0x00000000080059a4       0x60 ./Drivers/STM32H7xx_HAL_Driver/Src/stm32h7xx_hal_rcc.o
                0x00000000080059a4                HAL_RCC_GetHCLKFreq
 .text.HAL_RCC_GetPCLK1Freq
                0x0000000008005a04       0x2c ./Drivers/STM32H7xx_HAL_Driver/Src/stm32h7xx_hal_rcc.o
                0x0000000008005a04                HAL_RCC_GetPCLK1Freq
 .text.HAL_RCC_GetPCLK2Freq
                0x0000000008005a30       0x2c ./Drivers/STM32H7xx_HAL_Driver/Src/stm32h7xx_hal_rcc.o
                0x0000000008005a30                HAL_RCC_GetPCLK2Freq
 .text.HAL_RCCEx_PeriphCLKConfig
                0x0000000008005a5c      0xdf4 ./Drivers/STM32H7xx_HAL_Driver/Src/stm32h7xx_hal_rcc_ex.o
                0x0000000008005a5c                HAL_RCCEx_PeriphCLKConfig
 .text.HAL_RCCEx_GetD3PCLK1Freq
                0x0000000008006850       0x2c ./Drivers/STM32H7xx_HAL_Driver/Src/stm32h7xx_hal_rcc_ex.o
                0x0000000008006850                HAL_RCCEx_GetD3PCLK1Freq
 .text.HAL_RCCEx_GetPLL2ClockFreq
                0x000000000800687c      0x2a8 ./Drivers/STM32H7xx_HAL_Driver/Src/stm32h7xx_hal_rcc_ex.o
                0x000000000800687c                HAL_RCCEx_GetPLL2ClockFreq
 .text.HAL_RCCEx_GetPLL3ClockFreq
                0x0000000008006b24      0x2a8 ./Drivers/STM32H7xx_HAL_Driver/Src/stm32h7xx_hal_rcc_ex.o
                0x0000000008006b24                HAL_RCCEx_GetPLL3ClockFreq
 .text.RCCEx_PLL2_Config
                0x0000000008006dcc      0x164 ./Drivers/STM32H7xx_HAL_Driver/Src/stm32h7xx_hal_rcc_ex.o
 .text.RCCEx_PLL3_Config
                0x0000000008006f30      0x164 ./Drivers/STM32H7xx_HAL_Driver/Src/stm32h7xx_hal_rcc_ex.o
 .text.HAL_UART_Init
                0x0000000008007094       0xa0 ./Drivers/STM32H7xx_HAL_Driver/Src/stm32h7xx_hal_uart.o
                0x0000000008007094                HAL_UART_Init
 .text.HAL_UART_Transmit
                0x0000000008007134      0x12c ./Drivers/STM32H7xx_HAL_Driver/Src/stm32h7xx_hal_uart.o
                0x0000000008007134                HAL_UART_Transmit
 .text.UART_SetConfig
                0x0000000008007260      0xcd8 ./Drivers/STM32H7xx_HAL_Driver/Src/stm32h7xx_hal_uart.o
                0x0000000008007260                UART_SetConfig
 .text.UART_AdvFeatureConfig
                0x0000000008007f38      0x144 ./Drivers/STM32H7xx_HAL_Driver/Src/stm32h7xx_hal_uart.o
                0x0000000008007f38                UART_AdvFeatureConfig
 .text.UART_CheckIdleState
                0x000000000800807c       0x96 ./Drivers/STM32H7xx_HAL_Driver/Src/stm32h7xx_hal_uart.o
                0x000000000800807c                UART_CheckIdleState
 .text.UART_WaitOnFlagUntilTimeout
                0x0000000008008112      0x190 ./Drivers/STM32H7xx_HAL_Driver/Src/stm32h7xx_hal_uart.o
                0x0000000008008112                UART_WaitOnFlagUntilTimeout
 .text.HAL_UARTEx_DisableFifoMode
                0x00000000080082a2       0x72 ./Drivers/STM32H7xx_HAL_Driver/Src/stm32h7xx_hal_uart_ex.o
                0x00000000080082a2                HAL_UARTEx_DisableFifoMode
 .text.HAL_UARTEx_SetTxFifoThreshold
                0x0000000008008314       0x7c ./Drivers/STM32H7xx_HAL_Driver/Src/stm32h7xx_hal_uart_ex.o
                0x0000000008008314                HAL_UARTEx_SetTxFifoThreshold
 .text.HAL_UARTEx_SetRxFifoThreshold
                0x0000000008008390       0x7c ./Drivers/STM32H7xx_HAL_Driver/Src/stm32h7xx_hal_uart_ex.o
                0x0000000008008390                HAL_UARTEx_SetRxFifoThreshold
 .text.UARTEx_SetNbDataToProcess
                0x000000000800840c       0x9c ./Drivers/STM32H7xx_HAL_Driver/Src/stm32h7xx_hal_uart_ex.o
 .text.TMP117_setup
                0x00000000080084a8       0x26 ./Drivers/TMP117/TMP117.o
                0x00000000080084a8                TMP117_setup
 *fill*         0x00000000080084ce        0x2 
 .text.TMP117_read_temperature
                0x00000000080084d0       0xe0 ./Drivers/TMP117/TMP117.o
                0x00000000080084d0                TMP117_read_temperature
 .text.__errno  0x00000000080085b0        0xc c:/st/stm32cubeide_1.11.0/stm32cubeide/plugins/com.st.stm32cube.ide.mcu.externaltools.gnu-tools-for-stm32.10.3-2021.10.win32_1.0.100.202210260954/tools/bin/../lib/gcc/arm-none-eabi/10.3.1/../../../../arm-none-eabi/lib/thumb/v7e-m+dp/hard\libc_nano.a(lib_a-errno.o)
                0x00000000080085b0                __errno
 .text.__libc_init_array
                0x00000000080085bc       0x48 c:/st/stm32cubeide_1.11.0/stm32cubeide/plugins/com.st.stm32cube.ide.mcu.externaltools.gnu-tools-for-stm32.10.3-2021.10.win32_1.0.100.202210260954/tools/bin/../lib/gcc/arm-none-eabi/10.3.1/../../../../arm-none-eabi/lib/thumb/v7e-m+dp/hard\libc_nano.a(lib_a-init.o)
                0x00000000080085bc                __libc_init_array
 .text.memcpy   0x0000000008008604       0x1c c:/st/stm32cubeide_1.11.0/stm32cubeide/plugins/com.st.stm32cube.ide.mcu.externaltools.gnu-tools-for-stm32.10.3-2021.10.win32_1.0.100.202210260954/tools/bin/../lib/gcc/arm-none-eabi/10.3.1/../../../../arm-none-eabi/lib/thumb/v7e-m+dp/hard\libc_nano.a(lib_a-memcpy-stub.o)
                0x0000000008008604                memcpy
 .text.memset   0x0000000008008620       0x10 c:/st/stm32cubeide_1.11.0/stm32cubeide/plugins/com.st.stm32cube.ide.mcu.externaltools.gnu-tools-for-stm32.10.3-2021.10.win32_1.0.100.202210260954/tools/bin/../lib/gcc/arm-none-eabi/10.3.1/../../../../arm-none-eabi/lib/thumb/v7e-m+dp/hard\libc_nano.a(lib_a-memset.o)
                0x0000000008008620                memset
 .text.__cvt    0x0000000008008630       0xa4 c:/st/stm32cubeide_1.11.0/stm32cubeide/plugins/com.st.stm32cube.ide.mcu.externaltools.gnu-tools-for-stm32.10.3-2021.10.win32_1.0.100.202210260954/tools/bin/../lib/gcc/arm-none-eabi/10.3.1/../../../../arm-none-eabi/lib/thumb/v7e-m+dp/hard\libc_nano.a(lib_a-nano-vfprintf_float.o)
                0x0000000008008630                __cvt
 .text.__exponent
                0x00000000080086d4       0x7c c:/st/stm32cubeide_1.11.0/stm32cubeide/plugins/com.st.stm32cube.ide.mcu.externaltools.gnu-tools-for-stm32.10.3-2021.10.win32_1.0.100.202210260954/tools/bin/../lib/gcc/arm-none-eabi/10.3.1/../../../../arm-none-eabi/lib/thumb/v7e-m+dp/hard\libc_nano.a(lib_a-nano-vfprintf_float.o)
                0x00000000080086d4                __exponent
 .text._printf_float
                0x0000000008008750      0x43c c:/st/stm32cubeide_1.11.0/stm32cubeide/plugins/com.st.stm32cube.ide.mcu.externaltools.gnu-tools-for-stm32.10.3-2021.10.win32_1.0.100.202210260954/tools/bin/../lib/gcc/arm-none-eabi/10.3.1/../../../../arm-none-eabi/lib/thumb/v7e-m+dp/hard\libc_nano.a(lib_a-nano-vfprintf_float.o)
                0x0000000008008750                _printf_float
 .text._printf_common
                0x0000000008008b8c       0xda c:/st/stm32cubeide_1.11.0/stm32cubeide/plugins/com.st.stm32cube.ide.mcu.externaltools.gnu-tools-for-stm32.10.3-2021.10.win32_1.0.100.202210260954/tools/bin/../lib/gcc/arm-none-eabi/10.3.1/../../../../arm-none-eabi/lib/thumb/v7e-m+dp/hard\libc_nano.a(lib_a-nano-vfprintf_i.o)
                0x0000000008008b8c                _printf_common
 *fill*         0x0000000008008c66        0x2 
 .text._printf_i
                0x0000000008008c68      0x24c c:/st/stm32cubeide_1.11.0/stm32cubeide/plugins/com.st.stm32cube.ide.mcu.externaltools.gnu-tools-for-stm32.10.3-2021.10.win32_1.0.100.202210260954/tools/bin/../lib/gcc/arm-none-eabi/10.3.1/../../../../arm-none-eabi/lib/thumb/v7e-m+dp/hard\libc_nano.a(lib_a-nano-vfprintf_i.o)
                0x0000000008008c68                _printf_i
 .text.printf   0x0000000008008eb4       0x30 c:/st/stm32cubeide_1.11.0/stm32cubeide/plugins/com.st.stm32cube.ide.mcu.externaltools.gnu-tools-for-stm32.10.3-2021.10.win32_1.0.100.202210260954/tools/bin/../lib/gcc/arm-none-eabi/10.3.1/../../../../arm-none-eabi/lib/thumb/v7e-m+dp/hard\libc_nano.a(lib_a-printf.o)
                0x0000000008008eb4                iprintf
                0x0000000008008eb4                printf
 .text._puts_r  0x0000000008008ee4       0xdc c:/st/stm32cubeide_1.11.0/stm32cubeide/plugins/com.st.stm32cube.ide.mcu.externaltools.gnu-tools-for-stm32.10.3-2021.10.win32_1.0.100.202210260954/tools/bin/../lib/gcc/arm-none-eabi/10.3.1/../../../../arm-none-eabi/lib/thumb/v7e-m+dp/hard\libc_nano.a(lib_a-puts.o)
                0x0000000008008ee4                _puts_r
 .text.puts     0x0000000008008fc0       0x10 c:/st/stm32cubeide_1.11.0/stm32cubeide/plugins/com.st.stm32cube.ide.mcu.externaltools.gnu-tools-for-stm32.10.3-2021.10.win32_1.0.100.202210260954/tools/bin/../lib/gcc/arm-none-eabi/10.3.1/../../../../arm-none-eabi/lib/thumb/v7e-m+dp/hard\libc_nano.a(lib_a-puts.o)
                0x0000000008008fc0                puts
 .text.vprintf  0x0000000008008fd0       0x30 c:/st/stm32cubeide_1.11.0/stm32cubeide/plugins/com.st.stm32cube.ide.mcu.externaltools.gnu-tools-for-stm32.10.3-2021.10.win32_1.0.100.202210260954/tools/bin/../lib/gcc/arm-none-eabi/10.3.1/../../../../arm-none-eabi/lib/thumb/v7e-m+dp/hard\libc_nano.a(lib_a-vprintf.o)
                0x0000000008008fd0                viprintf
                0x0000000008008fd0                vprintf
 .text.__swbuf_r
                0x0000000008009000       0xa4 c:/st/stm32cubeide_1.11.0/stm32cubeide/plugins/com.st.stm32cube.ide.mcu.externaltools.gnu-tools-for-stm32.10.3-2021.10.win32_1.0.100.202210260954/tools/bin/../lib/gcc/arm-none-eabi/10.3.1/../../../../arm-none-eabi/lib/thumb/v7e-m+dp/hard\libc_nano.a(lib_a-wbuf.o)
                0x0000000008009000                __swbuf_r
 .text.__swsetup_r
                0x00000000080090a4       0xdc c:/st/stm32cubeide_1.11.0/stm32cubeide/plugins/com.st.stm32cube.ide.mcu.externaltools.gnu-tools-for-stm32.10.3-2021.10.win32_1.0.100.202210260954/tools/bin/../lib/gcc/arm-none-eabi/10.3.1/../../../../arm-none-eabi/lib/thumb/v7e-m+dp/hard\libc_nano.a(lib_a-wsetup.o)
                0x00000000080090a4                __swsetup_r
 .text.quorem   0x0000000008009180      0x116 c:/st/stm32cubeide_1.11.0/stm32cubeide/plugins/com.st.stm32cube.ide.mcu.externaltools.gnu-tools-for-stm32.10.3-2021.10.win32_1.0.100.202210260954/tools/bin/../lib/gcc/arm-none-eabi/10.3.1/../../../../arm-none-eabi/lib/thumb/v7e-m+dp/hard\libc_nano.a(lib_a-dtoa.o)
 *fill*         0x0000000008009296        0x2 
 .text._dtoa_r  0x0000000008009298      0xadc c:/st/stm32cubeide_1.11.0/stm32cubeide/plugins/com.st.stm32cube.ide.mcu.externaltools.gnu-tools-for-stm32.10.3-2021.10.win32_1.0.100.202210260954/tools/bin/../lib/gcc/arm-none-eabi/10.3.1/../../../../arm-none-eabi/lib/thumb/v7e-m+dp/hard\libc_nano.a(lib_a-dtoa.o)
                0x0000000008009298                _dtoa_r
 .text.__sflush_r
                0x0000000008009d74      0x10c c:/st/stm32cubeide_1.11.0/stm32cubeide/plugins/com.st.stm32cube.ide.mcu.externaltools.gnu-tools-for-stm32.10.3-2021.10.win32_1.0.100.202210260954/tools/bin/../lib/gcc/arm-none-eabi/10.3.1/../../../../arm-none-eabi/lib/thumb/v7e-m+dp/hard\libc_nano.a(lib_a-fflush.o)
                0x0000000008009d74                __sflush_r
 .text._fflush_r
                0x0000000008009e80       0x78 c:/st/stm32cubeide_1.11.0/stm32cubeide/plugins/com.st.stm32cube.ide.mcu.externaltools.gnu-tools-for-stm32.10.3-2021.10.win32_1.0.100.202210260954/tools/bin/../lib/gcc/arm-none-eabi/10.3.1/../../../../arm-none-eabi/lib/thumb/v7e-m+dp/hard\libc_nano.a(lib_a-fflush.o)
                0x0000000008009e80                _fflush_r
 .text.std      0x0000000008009ef8       0x48 c:/st/stm32cubeide_1.11.0/stm32cubeide/plugins/com.st.stm32cube.ide.mcu.externaltools.gnu-tools-for-stm32.10.3-2021.10.win32_1.0.100.202210260954/tools/bin/../lib/gcc/arm-none-eabi/10.3.1/../../../../arm-none-eabi/lib/thumb/v7e-m+dp/hard\libc_nano.a(lib_a-findfp.o)
 .text._cleanup_r
                0x0000000008009f40        0xc c:/st/stm32cubeide_1.11.0/stm32cubeide/plugins/com.st.stm32cube.ide.mcu.externaltools.gnu-tools-for-stm32.10.3-2021.10.win32_1.0.100.202210260954/tools/bin/../lib/gcc/arm-none-eabi/10.3.1/../../../../arm-none-eabi/lib/thumb/v7e-m+dp/hard\libc_nano.a(lib_a-findfp.o)
                0x0000000008009f40                _cleanup_r
 .text.__sfmoreglue
                0x0000000008009f4c       0x2c c:/st/stm32cubeide_1.11.0/stm32cubeide/plugins/com.st.stm32cube.ide.mcu.externaltools.gnu-tools-for-stm32.10.3-2021.10.win32_1.0.100.202210260954/tools/bin/../lib/gcc/arm-none-eabi/10.3.1/../../../../arm-none-eabi/lib/thumb/v7e-m+dp/hard\libc_nano.a(lib_a-findfp.o)
                0x0000000008009f4c                __sfmoreglue
 .text.__sfp_lock_acquire
                0x0000000008009f78        0xc c:/st/stm32cubeide_1.11.0/stm32cubeide/plugins/com.st.stm32cube.ide.mcu.externaltools.gnu-tools-for-stm32.10.3-2021.10.win32_1.0.100.202210260954/tools/bin/../lib/gcc/arm-none-eabi/10.3.1/../../../../arm-none-eabi/lib/thumb/v7e-m+dp/hard\libc_nano.a(lib_a-findfp.o)
                0x0000000008009f78                __sfp_lock_acquire
 .text.__sfp_lock_release
                0x0000000008009f84        0xc c:/st/stm32cubeide_1.11.0/stm32cubeide/plugins/com.st.stm32cube.ide.mcu.externaltools.gnu-tools-for-stm32.10.3-2021.10.win32_1.0.100.202210260954/tools/bin/../lib/gcc/arm-none-eabi/10.3.1/../../../../arm-none-eabi/lib/thumb/v7e-m+dp/hard\libc_nano.a(lib_a-findfp.o)
                0x0000000008009f84                __sfp_lock_release
 .text.__sinit_lock_acquire
                0x0000000008009f90        0xc c:/st/stm32cubeide_1.11.0/stm32cubeide/plugins/com.st.stm32cube.ide.mcu.externaltools.gnu-tools-for-stm32.10.3-2021.10.win32_1.0.100.202210260954/tools/bin/../lib/gcc/arm-none-eabi/10.3.1/../../../../arm-none-eabi/lib/thumb/v7e-m+dp/hard\libc_nano.a(lib_a-findfp.o)
                0x0000000008009f90                __sinit_lock_acquire
 .text.__sinit_lock_release
                0x0000000008009f9c        0xc c:/st/stm32cubeide_1.11.0/stm32cubeide/plugins/com.st.stm32cube.ide.mcu.externaltools.gnu-tools-for-stm32.10.3-2021.10.win32_1.0.100.202210260954/tools/bin/../lib/gcc/arm-none-eabi/10.3.1/../../../../arm-none-eabi/lib/thumb/v7e-m+dp/hard\libc_nano.a(lib_a-findfp.o)
                0x0000000008009f9c                __sinit_lock_release
 .text.__sinit  0x0000000008009fa8       0x70 c:/st/stm32cubeide_1.11.0/stm32cubeide/plugins/com.st.stm32cube.ide.mcu.externaltools.gnu-tools-for-stm32.10.3-2021.10.win32_1.0.100.202210260954/tools/bin/../lib/gcc/arm-none-eabi/10.3.1/../../../../arm-none-eabi/lib/thumb/v7e-m+dp/hard\libc_nano.a(lib_a-findfp.o)
                0x0000000008009fa8                __sinit
 .text.__sfp    0x000000000800a018       0x8c c:/st/stm32cubeide_1.11.0/stm32cubeide/plugins/com.st.stm32cube.ide.mcu.externaltools.gnu-tools-for-stm32.10.3-2021.10.win32_1.0.100.202210260954/tools/bin/../lib/gcc/arm-none-eabi/10.3.1/../../../../arm-none-eabi/lib/thumb/v7e-m+dp/hard\libc_nano.a(lib_a-findfp.o)
                0x000000000800a018                __sfp
 .text._fwalk_reent
                0x000000000800a0a4       0x3e c:/st/stm32cubeide_1.11.0/stm32cubeide/plugins/com.st.stm32cube.ide.mcu.externaltools.gnu-tools-for-stm32.10.3-2021.10.win32_1.0.100.202210260954/tools/bin/../lib/gcc/arm-none-eabi/10.3.1/../../../../arm-none-eabi/lib/thumb/v7e-m+dp/hard\libc_nano.a(lib_a-fwalk.o)
                0x000000000800a0a4                _fwalk_reent
 *fill*         0x000000000800a0e2        0x2 
 .text._localeconv_r
                0x000000000800a0e4        0x8 c:/st/stm32cubeide_1.11.0/stm32cubeide/plugins/com.st.stm32cube.ide.mcu.externaltools.gnu-tools-for-stm32.10.3-2021.10.win32_1.0.100.202210260954/tools/bin/../lib/gcc/arm-none-eabi/10.3.1/../../../../arm-none-eabi/lib/thumb/v7e-m+dp/hard\libc_nano.a(lib_a-localeconv.o)
                0x000000000800a0e4                _localeconv_r
 .text.__retarget_lock_init_recursive
                0x000000000800a0ec        0x2 c:/st/stm32cubeide_1.11.0/stm32cubeide/plugins/com.st.stm32cube.ide.mcu.externaltools.gnu-tools-for-stm32.10.3-2021.10.win32_1.0.100.202210260954/tools/bin/../lib/gcc/arm-none-eabi/10.3.1/../../../../arm-none-eabi/lib/thumb/v7e-m+dp/hard\libc_nano.a(lib_a-lock.o)
                0x000000000800a0ec                __retarget_lock_init_recursive
 .text.__retarget_lock_acquire_recursive
                0x000000000800a0ee        0x2 c:/st/stm32cubeide_1.11.0/stm32cubeide/plugins/com.st.stm32cube.ide.mcu.externaltools.gnu-tools-for-stm32.10.3-2021.10.win32_1.0.100.202210260954/tools/bin/../lib/gcc/arm-none-eabi/10.3.1/../../../../arm-none-eabi/lib/thumb/v7e-m+dp/hard\libc_nano.a(lib_a-lock.o)
                0x000000000800a0ee                __retarget_lock_acquire_recursive
 .text.__retarget_lock_release_recursive
                0x000000000800a0f0        0x2 c:/st/stm32cubeide_1.11.0/stm32cubeide/plugins/com.st.stm32cube.ide.mcu.externaltools.gnu-tools-for-stm32.10.3-2021.10.win32_1.0.100.202210260954/tools/bin/../lib/gcc/arm-none-eabi/10.3.1/../../../../arm-none-eabi/lib/thumb/v7e-m+dp/hard\libc_nano.a(lib_a-lock.o)
                0x000000000800a0f0                __retarget_lock_release_recursive
 .text.__swhatbuf_r
                0x000000000800a0f2       0x4a c:/st/stm32cubeide_1.11.0/stm32cubeide/plugins/com.st.stm32cube.ide.mcu.externaltools.gnu-tools-for-stm32.10.3-2021.10.win32_1.0.100.202210260954/tools/bin/../lib/gcc/arm-none-eabi/10.3.1/../../../../arm-none-eabi/lib/thumb/v7e-m+dp/hard\libc_nano.a(lib_a-makebuf.o)
                0x000000000800a0f2                __swhatbuf_r
 .text.__smakebuf_r
                0x000000000800a13c       0x80 c:/st/stm32cubeide_1.11.0/stm32cubeide/plugins/com.st.stm32cube.ide.mcu.externaltools.gnu-tools-for-stm32.10.3-2021.10.win32_1.0.100.202210260954/tools/bin/../lib/gcc/arm-none-eabi/10.3.1/../../../../arm-none-eabi/lib/thumb/v7e-m+dp/hard\libc_nano.a(lib_a-makebuf.o)
                0x000000000800a13c                __smakebuf_r
 .text.malloc   0x000000000800a1bc       0x10 c:/st/stm32cubeide_1.11.0/stm32cubeide/plugins/com.st.stm32cube.ide.mcu.externaltools.gnu-tools-for-stm32.10.3-2021.10.win32_1.0.100.202210260954/tools/bin/../lib/gcc/arm-none-eabi/10.3.1/../../../../arm-none-eabi/lib/thumb/v7e-m+dp/hard\libc_nano.a(lib_a-malloc.o)
                0x000000000800a1bc                malloc
 .text._Balloc  0x000000000800a1cc       0x80 c:/st/stm32cubeide_1.11.0/stm32cubeide/plugins/com.st.stm32cube.ide.mcu.externaltools.gnu-tools-for-stm32.10.3-2021.10.win32_1.0.100.202210260954/tools/bin/../lib/gcc/arm-none-eabi/10.3.1/../../../../arm-none-eabi/lib/thumb/v7e-m+dp/hard\libc_nano.a(lib_a-mprec.o)
                0x000000000800a1cc                _Balloc
 .text._Bfree   0x000000000800a24c       0x44 c:/st/stm32cubeide_1.11.0/stm32cubeide/plugins/com.st.stm32cube.ide.mcu.externaltools.gnu-tools-for-stm32.10.3-2021.10.win32_1.0.100.202210260954/tools/bin/../lib/gcc/arm-none-eabi/10.3.1/../../../../arm-none-eabi/lib/thumb/v7e-m+dp/hard\libc_nano.a(lib_a-mprec.o)
                0x000000000800a24c                _Bfree
 .text.__multadd
                0x000000000800a290       0x8c c:/st/stm32cubeide_1.11.0/stm32cubeide/plugins/com.st.stm32cube.ide.mcu.externaltools.gnu-tools-for-stm32.10.3-2021.10.win32_1.0.100.202210260954/tools/bin/../lib/gcc/arm-none-eabi/10.3.1/../../../../arm-none-eabi/lib/thumb/v7e-m+dp/hard\libc_nano.a(lib_a-mprec.o)
                0x000000000800a290                __multadd
 .text.__hi0bits
                0x000000000800a31c       0x40 c:/st/stm32cubeide_1.11.0/stm32cubeide/plugins/com.st.stm32cube.ide.mcu.externaltools.gnu-tools-for-stm32.10.3-2021.10.win32_1.0.100.202210260954/tools/bin/../lib/gcc/arm-none-eabi/10.3.1/../../../../arm-none-eabi/lib/thumb/v7e-m+dp/hard\libc_nano.a(lib_a-mprec.o)
                0x000000000800a31c                __hi0bits
 .text.__lo0bits
                0x000000000800a35c       0x5e c:/st/stm32cubeide_1.11.0/stm32cubeide/plugins/com.st.stm32cube.ide.mcu.externaltools.gnu-tools-for-stm32.10.3-2021.10.win32_1.0.100.202210260954/tools/bin/../lib/gcc/arm-none-eabi/10.3.1/../../../../arm-none-eabi/lib/thumb/v7e-m+dp/hard\libc_nano.a(lib_a-mprec.o)
                0x000000000800a35c                __lo0bits
 *fill*         0x000000000800a3ba        0x2 
 .text.__i2b    0x000000000800a3bc       0x2c c:/st/stm32cubeide_1.11.0/stm32cubeide/plugins/com.st.stm32cube.ide.mcu.externaltools.gnu-tools-for-stm32.10.3-2021.10.win32_1.0.100.202210260954/tools/bin/../lib/gcc/arm-none-eabi/10.3.1/../../../../arm-none-eabi/lib/thumb/v7e-m+dp/hard\libc_nano.a(lib_a-mprec.o)
                0x000000000800a3bc                __i2b
 .text.__multiply
                0x000000000800a3e8      0x154 c:/st/stm32cubeide_1.11.0/stm32cubeide/plugins/com.st.stm32cube.ide.mcu.externaltools.gnu-tools-for-stm32.10.3-2021.10.win32_1.0.100.202210260954/tools/bin/../lib/gcc/arm-none-eabi/10.3.1/../../../../arm-none-eabi/lib/thumb/v7e-m+dp/hard\libc_nano.a(lib_a-mprec.o)
                0x000000000800a3e8                __multiply
 .text.__pow5mult
                0x000000000800a53c       0xb4 c:/st/stm32cubeide_1.11.0/stm32cubeide/plugins/com.st.stm32cube.ide.mcu.externaltools.gnu-tools-for-stm32.10.3-2021.10.win32_1.0.100.202210260954/tools/bin/../lib/gcc/arm-none-eabi/10.3.1/../../../../arm-none-eabi/lib/thumb/v7e-m+dp/hard\libc_nano.a(lib_a-mprec.o)
                0x000000000800a53c                __pow5mult
 .text.__lshift
                0x000000000800a5f0       0xe0 c:/st/stm32cubeide_1.11.0/stm32cubeide/plugins/com.st.stm32cube.ide.mcu.externaltools.gnu-tools-for-stm32.10.3-2021.10.win32_1.0.100.202210260954/tools/bin/../lib/gcc/arm-none-eabi/10.3.1/../../../../arm-none-eabi/lib/thumb/v7e-m+dp/hard\libc_nano.a(lib_a-mprec.o)
                0x000000000800a5f0                __lshift
 .text.__mcmp   0x000000000800a6d0       0x38 c:/st/stm32cubeide_1.11.0/stm32cubeide/plugins/com.st.stm32cube.ide.mcu.externaltools.gnu-tools-for-stm32.10.3-2021.10.win32_1.0.100.202210260954/tools/bin/../lib/gcc/arm-none-eabi/10.3.1/../../../../arm-none-eabi/lib/thumb/v7e-m+dp/hard\libc_nano.a(lib_a-mprec.o)
                0x000000000800a6d0                __mcmp
 .text.__mdiff  0x000000000800a708      0x114 c:/st/stm32cubeide_1.11.0/stm32cubeide/plugins/com.st.stm32cube.ide.mcu.externaltools.gnu-tools-for-stm32.10.3-2021.10.win32_1.0.100.202210260954/tools/bin/../lib/gcc/arm-none-eabi/10.3.1/../../../../arm-none-eabi/lib/thumb/v7e-m+dp/hard\libc_nano.a(lib_a-mprec.o)
                0x000000000800a708                __mdiff
 .text.__d2b    0x000000000800a81c       0xb8 c:/st/stm32cubeide_1.11.0/stm32cubeide/plugins/com.st.stm32cube.ide.mcu.externaltools.gnu-tools-for-stm32.10.3-2021.10.win32_1.0.100.202210260954/tools/bin/../lib/gcc/arm-none-eabi/10.3.1/../../../../arm-none-eabi/lib/thumb/v7e-m+dp/hard\libc_nano.a(lib_a-mprec.o)
                0x000000000800a81c                __d2b
 .text._calloc_r
                0x000000000800a8d4       0x2c c:/st/stm32cubeide_1.11.0/stm32cubeide/plugins/com.st.stm32cube.ide.mcu.externaltools.gnu-tools-for-stm32.10.3-2021.10.win32_1.0.100.202210260954/tools/bin/../lib/gcc/arm-none-eabi/10.3.1/../../../../arm-none-eabi/lib/thumb/v7e-m+dp/hard\libc_nano.a(lib_a-nano-callocr.o)
                0x000000000800a8d4                _calloc_r
 .text._free_r  0x000000000800a900       0x98 c:/st/stm32cubeide_1.11.0/stm32cubeide/plugins/com.st.stm32cube.ide.mcu.externaltools.gnu-tools-for-stm32.10.3-2021.10.win32_1.0.100.202210260954/tools/bin/../lib/gcc/arm-none-eabi/10.3.1/../../../../arm-none-eabi/lib/thumb/v7e-m+dp/hard\libc_nano.a(lib_a-nano-freer.o)
                0x000000000800a900                _free_r
 .text.sbrk_aligned
                0x000000000800a998       0x40 c:/st/stm32cubeide_1.11.0/stm32cubeide/plugins/com.st.stm32cube.ide.mcu.externaltools.gnu-tools-for-stm32.10.3-2021.10.win32_1.0.100.202210260954/tools/bin/../lib/gcc/arm-none-eabi/10.3.1/../../../../arm-none-eabi/lib/thumb/v7e-m+dp/hard\libc_nano.a(lib_a-nano-mallocr.o)
 .text._malloc_r
                0x000000000800a9d8       0xe8 c:/st/stm32cubeide_1.11.0/stm32cubeide/plugins/com.st.stm32cube.ide.mcu.externaltools.gnu-tools-for-stm32.10.3-2021.10.win32_1.0.100.202210260954/tools/bin/../lib/gcc/arm-none-eabi/10.3.1/../../../../arm-none-eabi/lib/thumb/v7e-m+dp/hard\libc_nano.a(lib_a-nano-mallocr.o)
                0x000000000800a9d8                _malloc_r
 .text.__sfputc_r
                0x000000000800aac0       0x2e c:/st/stm32cubeide_1.11.0/stm32cubeide/plugins/com.st.stm32cube.ide.mcu.externaltools.gnu-tools-for-stm32.10.3-2021.10.win32_1.0.100.202210260954/tools/bin/../lib/gcc/arm-none-eabi/10.3.1/../../../../arm-none-eabi/lib/thumb/v7e-m+dp/hard\libc_nano.a(lib_a-nano-vfprintf.o)
 .text.__sfputs_r
                0x000000000800aaee       0x24 c:/st/stm32cubeide_1.11.0/stm32cubeide/plugins/com.st.stm32cube.ide.mcu.externaltools.gnu-tools-for-stm32.10.3-2021.10.win32_1.0.100.202210260954/tools/bin/../lib/gcc/arm-none-eabi/10.3.1/../../../../arm-none-eabi/lib/thumb/v7e-m+dp/hard\libc_nano.a(lib_a-nano-vfprintf.o)
                0x000000000800aaee                __sfputs_r
 *fill*         0x000000000800ab12        0x2 
 .text._vfprintf_r
                0x000000000800ab14      0x260 c:/st/stm32cubeide_1.11.0/stm32cubeide/plugins/com.st.stm32cube.ide.mcu.externaltools.gnu-tools-for-stm32.10.3-2021.10.win32_1.0.100.202210260954/tools/bin/../lib/gcc/arm-none-eabi/10.3.1/../../../../arm-none-eabi/lib/thumb/v7e-m+dp/hard\libc_nano.a(lib_a-nano-vfprintf.o)
                0x000000000800ab14                _vfprintf_r
                0x000000000800ab14                _vfiprintf_r
 .text._sbrk_r  0x000000000800ad74       0x20 c:/st/stm32cubeide_1.11.0/stm32cubeide/plugins/com.st.stm32cube.ide.mcu.externaltools.gnu-tools-for-stm32.10.3-2021.10.win32_1.0.100.202210260954/tools/bin/../lib/gcc/arm-none-eabi/10.3.1/../../../../arm-none-eabi/lib/thumb/v7e-m+dp/hard\libc_nano.a(lib_a-sbrkr.o)
                0x000000000800ad74                _sbrk_r
 .text.__sread  0x000000000800ad94       0x22 c:/st/stm32cubeide_1.11.0/stm32cubeide/plugins/com.st.stm32cube.ide.mcu.externaltools.gnu-tools-for-stm32.10.3-2021.10.win32_1.0.100.202210260954/tools/bin/../lib/gcc/arm-none-eabi/10.3.1/../../../../arm-none-eabi/lib/thumb/v7e-m+dp/hard\libc_nano.a(lib_a-stdio.o)
                0x000000000800ad94                __sread
 .text.__swrite
                0x000000000800adb6       0x38 c:/st/stm32cubeide_1.11.0/stm32cubeide/plugins/com.st.stm32cube.ide.mcu.externaltools.gnu-tools-for-stm32.10.3-2021.10.win32_1.0.100.202210260954/tools/bin/../lib/gcc/arm-none-eabi/10.3.1/../../../../arm-none-eabi/lib/thumb/v7e-m+dp/hard\libc_nano.a(lib_a-stdio.o)
                0x000000000800adb6                __swrite
 .text.__sseek  0x000000000800adee       0x24 c:/st/stm32cubeide_1.11.0/stm32cubeide/plugins/com.st.stm32cube.ide.mcu.externaltools.gnu-tools-for-stm32.10.3-2021.10.win32_1.0.100.202210260954/tools/bin/../lib/gcc/arm-none-eabi/10.3.1/../../../../arm-none-eabi/lib/thumb/v7e-m+dp/hard\libc_nano.a(lib_a-stdio.o)
                0x000000000800adee                __sseek
 .text.__sclose
                0x000000000800ae12        0x8 c:/st/stm32cubeide_1.11.0/stm32cubeide/plugins/com.st.stm32cube.ide.mcu.externaltools.gnu-tools-for-stm32.10.3-2021.10.win32_1.0.100.202210260954/tools/bin/../lib/gcc/arm-none-eabi/10.3.1/../../../../arm-none-eabi/lib/thumb/v7e-m+dp/hard\libc_nano.a(lib_a-stdio.o)
                0x000000000800ae12                __sclose
 *fill*         0x000000000800ae1a        0x2 
 .text._write_r
                0x000000000800ae1c       0x24 c:/st/stm32cubeide_1.11.0/stm32cubeide/plugins/com.st.stm32cube.ide.mcu.externaltools.gnu-tools-for-stm32.10.3-2021.10.win32_1.0.100.202210260954/tools/bin/../lib/gcc/arm-none-eabi/10.3.1/../../../../arm-none-eabi/lib/thumb/v7e-m+dp/hard\libc_nano.a(lib_a-writer.o)
                0x000000000800ae1c                _write_r
 .text.__assert_func
                0x000000000800ae40       0x3c c:/st/stm32cubeide_1.11.0/stm32cubeide/plugins/com.st.stm32cube.ide.mcu.externaltools.gnu-tools-for-stm32.10.3-2021.10.win32_1.0.100.202210260954/tools/bin/../lib/gcc/arm-none-eabi/10.3.1/../../../../arm-none-eabi/lib/thumb/v7e-m+dp/hard\libc_nano.a(lib_a-assert.o)
                0x000000000800ae40                __assert_func
 .text._close_r
                0x000000000800ae7c       0x20 c:/st/stm32cubeide_1.11.0/stm32cubeide/plugins/com.st.stm32cube.ide.mcu.externaltools.gnu-tools-for-stm32.10.3-2021.10.win32_1.0.100.202210260954/tools/bin/../lib/gcc/arm-none-eabi/10.3.1/../../../../arm-none-eabi/lib/thumb/v7e-m+dp/hard\libc_nano.a(lib_a-closer.o)
                0x000000000800ae7c                _close_r
 .text.fprintf  0x000000000800ae9c       0x24 c:/st/stm32cubeide_1.11.0/stm32cubeide/plugins/com.st.stm32cube.ide.mcu.externaltools.gnu-tools-for-stm32.10.3-2021.10.win32_1.0.100.202210260954/tools/bin/../lib/gcc/arm-none-eabi/10.3.1/../../../../arm-none-eabi/lib/thumb/v7e-m+dp/hard\libc_nano.a(lib_a-fprintf.o)
                0x000000000800ae9c                fiprintf
                0x000000000800ae9c                fprintf
 .text._fstat_r
                0x000000000800aec0       0x24 c:/st/stm32cubeide_1.11.0/stm32cubeide/plugins/com.st.stm32cube.ide.mcu.externaltools.gnu-tools-for-stm32.10.3-2021.10.win32_1.0.100.202210260954/tools/bin/../lib/gcc/arm-none-eabi/10.3.1/../../../../arm-none-eabi/lib/thumb/v7e-m+dp/hard\libc_nano.a(lib_a-fstatr.o)
                0x000000000800aec0                _fstat_r
 .text._isatty_r
                0x000000000800aee4       0x20 c:/st/stm32cubeide_1.11.0/stm32cubeide/plugins/com.st.stm32cube.ide.mcu.externaltools.gnu-tools-for-stm32.10.3-2021.10.win32_1.0.100.202210260954/tools/bin/../lib/gcc/arm-none-eabi/10.3.1/../../../../arm-none-eabi/lib/thumb/v7e-m+dp/hard\libc_nano.a(lib_a-isattyr.o)
                0x000000000800aee4                _isatty_r
 .text._lseek_r
                0x000000000800af04       0x24 c:/st/stm32cubeide_1.11.0/stm32cubeide/plugins/com.st.stm32cube.ide.mcu.externaltools.gnu-tools-for-stm32.10.3-2021.10.win32_1.0.100.202210260954/tools/bin/../lib/gcc/arm-none-eabi/10.3.1/../../../../arm-none-eabi/lib/thumb/v7e-m+dp/hard\libc_nano.a(lib_a-lseekr.o)
                0x000000000800af04                _lseek_r
 .text.__ascii_mbtowc
                0x000000000800af28       0x24 c:/st/stm32cubeide_1.11.0/stm32cubeide/plugins/com.st.stm32cube.ide.mcu.externaltools.gnu-tools-for-stm32.10.3-2021.10.win32_1.0.100.202210260954/tools/bin/../lib/gcc/arm-none-eabi/10.3.1/../../../../arm-none-eabi/lib/thumb/v7e-m+dp/hard\libc_nano.a(lib_a-mbtowc_r.o)
                0x000000000800af28                __ascii_mbtowc
 .text.__malloc_lock
                0x000000000800af4c        0xc c:/st/stm32cubeide_1.11.0/stm32cubeide/plugins/com.st.stm32cube.ide.mcu.externaltools.gnu-tools-for-stm32.10.3-2021.10.win32_1.0.100.202210260954/tools/bin/../lib/gcc/arm-none-eabi/10.3.1/../../../../arm-none-eabi/lib/thumb/v7e-m+dp/hard\libc_nano.a(lib_a-mlock.o)
                0x000000000800af4c                __malloc_lock
 .text.__malloc_unlock
                0x000000000800af58        0xc c:/st/stm32cubeide_1.11.0/stm32cubeide/plugins/com.st.stm32cube.ide.mcu.externaltools.gnu-tools-for-stm32.10.3-2021.10.win32_1.0.100.202210260954/tools/bin/../lib/gcc/arm-none-eabi/10.3.1/../../../../arm-none-eabi/lib/thumb/v7e-m+dp/hard\libc_nano.a(lib_a-mlock.o)
                0x000000000800af58                __malloc_unlock
 .text._read_r  0x000000000800af64       0x24 c:/st/stm32cubeide_1.11.0/stm32cubeide/plugins/com.st.stm32cube.ide.mcu.externaltools.gnu-tools-for-stm32.10.3-2021.10.win32_1.0.100.202210260954/tools/bin/../lib/gcc/arm-none-eabi/10.3.1/../../../../arm-none-eabi/lib/thumb/v7e-m+dp/hard\libc_nano.a(lib_a-readr.o)
                0x000000000800af64                _read_r
 .text.__ascii_wctomb
                0x000000000800af88       0x1a c:/st/stm32cubeide_1.11.0/stm32cubeide/plugins/com.st.stm32cube.ide.mcu.externaltools.gnu-tools-for-stm32.10.3-2021.10.win32_1.0.100.202210260954/tools/bin/../lib/gcc/arm-none-eabi/10.3.1/../../../../arm-none-eabi/lib/thumb/v7e-m+dp/hard\libc_nano.a(lib_a-wctomb_r.o)
                0x000000000800af88                __ascii_wctomb
 .text.abort    0x000000000800afa2        0xe c:/st/stm32cubeide_1.11.0/stm32cubeide/plugins/com.st.stm32cube.ide.mcu.externaltools.gnu-tools-for-stm32.10.3-2021.10.win32_1.0.100.202210260954/tools/bin/../lib/gcc/arm-none-eabi/10.3.1/../../../../arm-none-eabi/lib/thumb/v7e-m+dp/hard\libc_nano.a(lib_a-abort.o)
                0x000000000800afa2                abort
 .text._raise_r
                0x000000000800afb0       0x50 c:/st/stm32cubeide_1.11.0/stm32cubeide/plugins/com.st.stm32cube.ide.mcu.externaltools.gnu-tools-for-stm32.10.3-2021.10.win32_1.0.100.202210260954/tools/bin/../lib/gcc/arm-none-eabi/10.3.1/../../../../arm-none-eabi/lib/thumb/v7e-m+dp/hard\libc_nano.a(lib_a-signal.o)
                0x000000000800afb0                _raise_r
 .text.raise    0x000000000800b000       0x10 c:/st/stm32cubeide_1.11.0/stm32cubeide/plugins/com.st.stm32cube.ide.mcu.externaltools.gnu-tools-for-stm32.10.3-2021.10.win32_1.0.100.202210260954/tools/bin/../lib/gcc/arm-none-eabi/10.3.1/../../../../arm-none-eabi/lib/thumb/v7e-m+dp/hard\libc_nano.a(lib_a-signal.o)
                0x000000000800b000                raise
 .text._kill_r  0x000000000800b010       0x24 c:/st/stm32cubeide_1.11.0/stm32cubeide/plugins/com.st.stm32cube.ide.mcu.externaltools.gnu-tools-for-stm32.10.3-2021.10.win32_1.0.100.202210260954/tools/bin/../lib/gcc/arm-none-eabi/10.3.1/../../../../arm-none-eabi/lib/thumb/v7e-m+dp/hard\libc_nano.a(lib_a-signalr.o)
                0x000000000800b010                _kill_r
 .text._getpid_r
                0x000000000800b034        0x4 c:/st/stm32cubeide_1.11.0/stm32cubeide/plugins/com.st.stm32cube.ide.mcu.externaltools.gnu-tools-for-stm32.10.3-2021.10.win32_1.0.100.202210260954/tools/bin/../lib/gcc/arm-none-eabi/10.3.1/../../../../arm-none-eabi/lib/thumb/v7e-m+dp/hard\libc_nano.a(lib_a-signalr.o)
                0x000000000800b034                _getpid_r
 *(.glue_7)
 .glue_7        0x000000000800b038        0x0 linker stubs
 *(.glue_7t)
 .glue_7t       0x000000000800b038        0x0 linker stubs
 *(.eh_frame)
 .eh_frame      0x000000000800b038        0x0 c:/st/stm32cubeide_1.11.0/stm32cubeide/plugins/com.st.stm32cube.ide.mcu.externaltools.gnu-tools-for-stm32.10.3-2021.10.win32_1.0.100.202210260954/tools/bin/../lib/gcc/arm-none-eabi/10.3.1/thumb/v7e-m+dp/hard/crtbegin.o
 *(.init)
 .init          0x000000000800b038        0x4 c:/st/stm32cubeide_1.11.0/stm32cubeide/plugins/com.st.stm32cube.ide.mcu.externaltools.gnu-tools-for-stm32.10.3-2021.10.win32_1.0.100.202210260954/tools/bin/../lib/gcc/arm-none-eabi/10.3.1/thumb/v7e-m+dp/hard/crti.o
                0x000000000800b038                _init
 .init          0x000000000800b03c        0x8 c:/st/stm32cubeide_1.11.0/stm32cubeide/plugins/com.st.stm32cube.ide.mcu.externaltools.gnu-tools-for-stm32.10.3-2021.10.win32_1.0.100.202210260954/tools/bin/../lib/gcc/arm-none-eabi/10.3.1/thumb/v7e-m+dp/hard/crtn.o
 *(.fini)
 .fini          0x000000000800b044        0x4 c:/st/stm32cubeide_1.11.0/stm32cubeide/plugins/com.st.stm32cube.ide.mcu.externaltools.gnu-tools-for-stm32.10.3-2021.10.win32_1.0.100.202210260954/tools/bin/../lib/gcc/arm-none-eabi/10.3.1/thumb/v7e-m+dp/hard/crti.o
                0x000000000800b044                _fini
 .fini          0x000000000800b048        0x8 c:/st/stm32cubeide_1.11.0/stm32cubeide/plugins/com.st.stm32cube.ide.mcu.externaltools.gnu-tools-for-stm32.10.3-2021.10.win32_1.0.100.202210260954/tools/bin/../lib/gcc/arm-none-eabi/10.3.1/thumb/v7e-m+dp/hard/crtn.o
                0x000000000800b050                . = ALIGN (0x4)
                0x000000000800b050                _etext = .

.vfp11_veneer   0x000000000800b050        0x0
 .vfp11_veneer  0x000000000800b050        0x0 linker stubs

.v4_bx          0x000000000800b050        0x0
 .v4_bx         0x000000000800b050        0x0 linker stubs

.iplt           0x000000000800b050        0x0
 .iplt          0x000000000800b050        0x0 c:/st/stm32cubeide_1.11.0/stm32cubeide/plugins/com.st.stm32cube.ide.mcu.externaltools.gnu-tools-for-stm32.10.3-2021.10.win32_1.0.100.202210260954/tools/bin/../lib/gcc/arm-none-eabi/10.3.1/thumb/v7e-m+dp/hard/crtbegin.o

.rodata         0x000000000800b050      0x554
                0x000000000800b050                . = ALIGN (0x4)
 *(.rodata)
 .rodata        0x000000000800b050       0x22 ./Core/Src/log.o
 *fill*         0x000000000800b072        0x2 
 .rodata        0x000000000800b074      0x11d ./Core/Src/main.o
 *(.rodata*)
 *fill*         0x000000000800b191        0x3 
 .rodata.D1CorePrescTable
                0x000000000800b194       0x10 ./Core/Src/system_stm32h7xx.o
                0x000000000800b194                D1CorePrescTable
 .rodata.UARTPrescTable
                0x000000000800b1a4       0x18 ./Drivers/STM32H7xx_HAL_Driver/Src/stm32h7xx_hal_uart.o
                0x000000000800b1a4                UARTPrescTable
 .rodata.numerator.1
                0x000000000800b1bc        0x8 ./Drivers/STM32H7xx_HAL_Driver/Src/stm32h7xx_hal_uart_ex.o
 .rodata.denominator.0
                0x000000000800b1c4        0x8 ./Drivers/STM32H7xx_HAL_Driver/Src/stm32h7xx_hal_uart_ex.o
 .rodata._global_impure_ptr
                0x000000000800b1cc        0x4 c:/st/stm32cubeide_1.11.0/stm32cubeide/plugins/com.st.stm32cube.ide.mcu.externaltools.gnu-tools-for-stm32.10.3-2021.10.win32_1.0.100.202210260954/tools/bin/../lib/gcc/arm-none-eabi/10.3.1/../../../../arm-none-eabi/lib/thumb/v7e-m+dp/hard\libc_nano.a(lib_a-impure.o)
                0x000000000800b1cc                _global_impure_ptr
 .rodata._printf_float.str1.1
                0x000000000800b1d0       0x12 c:/st/stm32cubeide_1.11.0/stm32cubeide/plugins/com.st.stm32cube.ide.mcu.externaltools.gnu-tools-for-stm32.10.3-2021.10.win32_1.0.100.202210260954/tools/bin/../lib/gcc/arm-none-eabi/10.3.1/../../../../arm-none-eabi/lib/thumb/v7e-m+dp/hard\libc_nano.a(lib_a-nano-vfprintf_float.o)
 .rodata._printf_i.str1.1
                0x000000000800b1e2       0x22 c:/st/stm32cubeide_1.11.0/stm32cubeide/plugins/com.st.stm32cube.ide.mcu.externaltools.gnu-tools-for-stm32.10.3-2021.10.win32_1.0.100.202210260954/tools/bin/../lib/gcc/arm-none-eabi/10.3.1/../../../../arm-none-eabi/lib/thumb/v7e-m+dp/hard\libc_nano.a(lib_a-nano-vfprintf_i.o)
 .rodata._dtoa_r.str1.1
                0x000000000800b204       0x90 c:/st/stm32cubeide_1.11.0/stm32cubeide/plugins/com.st.stm32cube.ide.mcu.externaltools.gnu-tools-for-stm32.10.3-2021.10.win32_1.0.100.202210260954/tools/bin/../lib/gcc/arm-none-eabi/10.3.1/../../../../arm-none-eabi/lib/thumb/v7e-m+dp/hard\libc_nano.a(lib_a-dtoa.o)
                                         0x92 (size before relaxing)
 .rodata.__sf_fake_stderr
                0x000000000800b294       0x20 c:/st/stm32cubeide_1.11.0/stm32cubeide/plugins/com.st.stm32cube.ide.mcu.externaltools.gnu-tools-for-stm32.10.3-2021.10.win32_1.0.100.202210260954/tools/bin/../lib/gcc/arm-none-eabi/10.3.1/../../../../arm-none-eabi/lib/thumb/v7e-m+dp/hard\libc_nano.a(lib_a-findfp.o)
                0x000000000800b294                __sf_fake_stderr
 .rodata.__sf_fake_stdin
                0x000000000800b2b4       0x20 c:/st/stm32cubeide_1.11.0/stm32cubeide/plugins/com.st.stm32cube.ide.mcu.externaltools.gnu-tools-for-stm32.10.3-2021.10.win32_1.0.100.202210260954/tools/bin/../lib/gcc/arm-none-eabi/10.3.1/../../../../arm-none-eabi/lib/thumb/v7e-m+dp/hard\libc_nano.a(lib_a-findfp.o)
                0x000000000800b2b4                __sf_fake_stdin
 .rodata.__sf_fake_stdout
                0x000000000800b2d4       0x20 c:/st/stm32cubeide_1.11.0/stm32cubeide/plugins/com.st.stm32cube.ide.mcu.externaltools.gnu-tools-for-stm32.10.3-2021.10.win32_1.0.100.202210260954/tools/bin/../lib/gcc/arm-none-eabi/10.3.1/../../../../arm-none-eabi/lib/thumb/v7e-m+dp/hard\libc_nano.a(lib_a-findfp.o)
                0x000000000800b2d4                __sf_fake_stdout
 .rodata._Balloc.str1.1
                0x000000000800b2f4       0x5c c:/st/stm32cubeide_1.11.0/stm32cubeide/plugins/com.st.stm32cube.ide.mcu.externaltools.gnu-tools-for-stm32.10.3-2021.10.win32_1.0.100.202210260954/tools/bin/../lib/gcc/arm-none-eabi/10.3.1/../../../../arm-none-eabi/lib/thumb/v7e-m+dp/hard\libc_nano.a(lib_a-mprec.o)
                                         0x73 (size before relaxing)
 .rodata.__multadd.str1.1
                0x000000000800b350       0x11 c:/st/stm32cubeide_1.11.0/stm32cubeide/plugins/com.st.stm32cube.ide.mcu.externaltools.gnu-tools-for-stm32.10.3-2021.10.win32_1.0.100.202210260954/tools/bin/../lib/gcc/arm-none-eabi/10.3.1/../../../../arm-none-eabi/lib/thumb/v7e-m+dp/hard\libc_nano.a(lib_a-mprec.o)
 .rodata.__mprec_bigtens
                0x000000000800b350       0x28 c:/st/stm32cubeide_1.11.0/stm32cubeide/plugins/com.st.stm32cube.ide.mcu.externaltools.gnu-tools-for-stm32.10.3-2021.10.win32_1.0.100.202210260954/tools/bin/../lib/gcc/arm-none-eabi/10.3.1/../../../../arm-none-eabi/lib/thumb/v7e-m+dp/hard\libc_nano.a(lib_a-mprec.o)
                0x000000000800b350                __mprec_bigtens
 .rodata.__mprec_tens
                0x000000000800b378       0xc8 c:/st/stm32cubeide_1.11.0/stm32cubeide/plugins/com.st.stm32cube.ide.mcu.externaltools.gnu-tools-for-stm32.10.3-2021.10.win32_1.0.100.202210260954/tools/bin/../lib/gcc/arm-none-eabi/10.3.1/../../../../arm-none-eabi/lib/thumb/v7e-m+dp/hard\libc_nano.a(lib_a-mprec.o)
                0x000000000800b378                __mprec_tens
 .rodata.p05.0  0x000000000800b440        0xc c:/st/stm32cubeide_1.11.0/stm32cubeide/plugins/com.st.stm32cube.ide.mcu.externaltools.gnu-tools-for-stm32.10.3-2021.10.win32_1.0.100.202210260954/tools/bin/../lib/gcc/arm-none-eabi/10.3.1/../../../../arm-none-eabi/lib/thumb/v7e-m+dp/hard\libc_nano.a(lib_a-mprec.o)
 .rodata._vfprintf_r.str1.1
                0x000000000800b44c       0x11 c:/st/stm32cubeide_1.11.0/stm32cubeide/plugins/com.st.stm32cube.ide.mcu.externaltools.gnu-tools-for-stm32.10.3-2021.10.win32_1.0.100.202210260954/tools/bin/../lib/gcc/arm-none-eabi/10.3.1/../../../../arm-none-eabi/lib/thumb/v7e-m+dp/hard\libc_nano.a(lib_a-nano-vfprintf.o)
 .rodata.__assert_func.str1.1
                0x000000000800b45d       0x3c c:/st/stm32cubeide_1.11.0/stm32cubeide/plugins/com.st.stm32cube.ide.mcu.externaltools.gnu-tools-for-stm32.10.3-2021.10.win32_1.0.100.202210260954/tools/bin/../lib/gcc/arm-none-eabi/10.3.1/../../../../arm-none-eabi/lib/thumb/v7e-m+dp/hard\libc_nano.a(lib_a-assert.o)
                                         0x3d (size before relaxing)
 .rodata._setlocale_r.str1.1
                0x000000000800b499        0x8 c:/st/stm32cubeide_1.11.0/stm32cubeide/plugins/com.st.stm32cube.ide.mcu.externaltools.gnu-tools-for-stm32.10.3-2021.10.win32_1.0.100.202210260954/tools/bin/../lib/gcc/arm-none-eabi/10.3.1/../../../../arm-none-eabi/lib/thumb/v7e-m+dp/hard\libc_nano.a(lib_a-locale.o)
                                          0x9 (size before relaxing)
 .rodata.str1.1
                0x000000000800b4a1        0x2 c:/st/stm32cubeide_1.11.0/stm32cubeide/plugins/com.st.stm32cube.ide.mcu.externaltools.gnu-tools-for-stm32.10.3-2021.10.win32_1.0.100.202210260954/tools/bin/../lib/gcc/arm-none-eabi/10.3.1/../../../../arm-none-eabi/lib/thumb/v7e-m+dp/hard\libc_nano.a(lib_a-locale.o)
 .rodata._ctype_
                0x000000000800b4a3      0x101 c:/st/stm32cubeide_1.11.0/stm32cubeide/plugins/com.st.stm32cube.ide.mcu.externaltools.gnu-tools-for-stm32.10.3-2021.10.win32_1.0.100.202210260954/tools/bin/../lib/gcc/arm-none-eabi/10.3.1/../../../../arm-none-eabi/lib/thumb/v7e-m+dp/hard\libc_nano.a(lib_a-ctype_.o)
                0x000000000800b4a3                _ctype_
                0x000000000800b5a4                . = ALIGN (0x4)

.ARM.extab
 *(.ARM.extab* .gnu.linkonce.armextab.*)

.ARM            0x000000000800b5a4        0x8
                0x000000000800b5a4                __exidx_start = .
 *(.ARM.exidx*)
 .ARM.exidx     0x000000000800b5a4        0x8 c:/st/stm32cubeide_1.11.0/stm32cubeide/plugins/com.st.stm32cube.ide.mcu.externaltools.gnu-tools-for-stm32.10.3-2021.10.win32_1.0.100.202210260954/tools/bin/../lib/gcc/arm-none-eabi/10.3.1/thumb/v7e-m+dp/hard\libgcc.a(_udivmoddi4.o)
                0x000000000800b5ac                __exidx_end = .

.rel.dyn        0x000000000800b5ac        0x0
 .rel.iplt      0x000000000800b5ac        0x0 c:/st/stm32cubeide_1.11.0/stm32cubeide/plugins/com.st.stm32cube.ide.mcu.externaltools.gnu-tools-for-stm32.10.3-2021.10.win32_1.0.100.202210260954/tools/bin/../lib/gcc/arm-none-eabi/10.3.1/thumb/v7e-m+dp/hard/crtbegin.o

.preinit_array  0x000000000800b5ac        0x0
                0x000000000800b5ac                PROVIDE (__preinit_array_start = .)
 *(.preinit_array*)
                0x000000000800b5ac                PROVIDE (__preinit_array_end = .)

.init_array     0x000000000800b5ac        0x4
                0x000000000800b5ac                PROVIDE (__init_array_start = .)
 *(SORT_BY_NAME(.init_array.*))
 *(.init_array*)
 .init_array    0x000000000800b5ac        0x4 c:/st/stm32cubeide_1.11.0/stm32cubeide/plugins/com.st.stm32cube.ide.mcu.externaltools.gnu-tools-for-stm32.10.3-2021.10.win32_1.0.100.202210260954/tools/bin/../lib/gcc/arm-none-eabi/10.3.1/thumb/v7e-m+dp/hard/crtbegin.o
                0x000000000800b5b0                PROVIDE (__init_array_end = .)

.fini_array     0x000000000800b5b0        0x4
                [!provide]                        PROVIDE (__fini_array_start = .)
 *(SORT_BY_NAME(.fini_array.*))
 *(.fini_array*)
 .fini_array    0x000000000800b5b0        0x4 c:/st/stm32cubeide_1.11.0/stm32cubeide/plugins/com.st.stm32cube.ide.mcu.externaltools.gnu-tools-for-stm32.10.3-2021.10.win32_1.0.100.202210260954/tools/bin/../lib/gcc/arm-none-eabi/10.3.1/thumb/v7e-m+dp/hard/crtbegin.o
                [!provide]                        PROVIDE (__fini_array_end = .)
                0x000000000800b5b4                _sidata = LOADADDR (.data)

.data           0x0000000024000000      0x1e0 load address 0x000000000800b5b4
                0x0000000024000000                . = ALIGN (0x4)
                0x0000000024000000                _sdata = .
 *(.data)
 *(.data*)
 .data.SystemCoreClock
                0x0000000024000000        0x4 ./Core/Src/system_stm32h7xx.o
                0x0000000024000000                SystemCoreClock
 .data.SystemD2Clock
                0x0000000024000004        0x4 ./Core/Src/system_stm32h7xx.o
                0x0000000024000004                SystemD2Clock
 .data.uwTickPrio
                0x0000000024000008        0x4 ./Drivers/STM32H7xx_HAL_Driver/Src/stm32h7xx_hal.o
                0x0000000024000008                uwTickPrio
 .data.uwTickFreq
                0x000000002400000c        0x1 ./Drivers/STM32H7xx_HAL_Driver/Src/stm32h7xx_hal.o
                0x000000002400000c                uwTickFreq
 *fill*         0x000000002400000d        0x3 
 .data._impure_ptr
                0x0000000024000010        0x4 c:/st/stm32cubeide_1.11.0/stm32cubeide/plugins/com.st.stm32cube.ide.mcu.externaltools.gnu-tools-for-stm32.10.3-2021.10.win32_1.0.100.202210260954/tools/bin/../lib/gcc/arm-none-eabi/10.3.1/../../../../arm-none-eabi/lib/thumb/v7e-m+dp/hard\libc_nano.a(lib_a-impure.o)
                0x0000000024000010                _impure_ptr
 .data.impure_data
                0x0000000024000014       0x60 c:/st/stm32cubeide_1.11.0/stm32cubeide/plugins/com.st.stm32cube.ide.mcu.externaltools.gnu-tools-for-stm32.10.3-2021.10.win32_1.0.100.202210260954/tools/bin/../lib/gcc/arm-none-eabi/10.3.1/../../../../arm-none-eabi/lib/thumb/v7e-m+dp/hard\libc_nano.a(lib_a-impure.o)
 .data.__global_locale
                0x0000000024000074      0x16c c:/st/stm32cubeide_1.11.0/stm32cubeide/plugins/com.st.stm32cube.ide.mcu.externaltools.gnu-tools-for-stm32.10.3-2021.10.win32_1.0.100.202210260954/tools/bin/../lib/gcc/arm-none-eabi/10.3.1/../../../../arm-none-eabi/lib/thumb/v7e-m+dp/hard\libc_nano.a(lib_a-locale.o)
                0x0000000024000074                __global_locale
 *(.RamFunc)
 *(.RamFunc*)
                0x00000000240001e0                . = ALIGN (0x4)
                0x00000000240001e0                _edata = .

.igot.plt       0x00000000240001e0        0x0 load address 0x000000000800b794
 .igot.plt      0x00000000240001e0        0x0 c:/st/stm32cubeide_1.11.0/stm32cubeide/plugins/com.st.stm32cube.ide.mcu.externaltools.gnu-tools-for-stm32.10.3-2021.10.win32_1.0.100.202210260954/tools/bin/../lib/gcc/arm-none-eabi/10.3.1/thumb/v7e-m+dp/hard/crtbegin.o
                0x00000000240001e0                . = ALIGN (0x4)

.bss            0x00000000240001e0      0x260 load address 0x000000000800b794
                0x00000000240001e0                _sbss = .
                0x00000000240001e0                __bss_start__ = _sbss
 *(.bss)
 .bss           0x00000000240001e0       0x1c c:/st/stm32cubeide_1.11.0/stm32cubeide/plugins/com.st.stm32cube.ide.mcu.externaltools.gnu-tools-for-stm32.10.3-2021.10.win32_1.0.100.202210260954/tools/bin/../lib/gcc/arm-none-eabi/10.3.1/thumb/v7e-m+dp/hard/crtbegin.o
 *(.bss*)
 .bss.hdcmi     0x00000000240001fc       0x50 ./Core/Src/dcmi.o
                0x00000000240001fc                hdcmi
 .bss.i2c_bus_1
                0x000000002400024c       0x1c ./Core/Src/i2c.o
                0x000000002400024c                i2c_bus_1
 .bss.i2c_bus_2
                0x0000000024000268       0x1c ./Core/Src/i2c.o
                0x0000000024000268                i2c_bus_2
 .bss.hi2c1     0x0000000024000284       0x4c ./Core/Src/i2c.o
                0x0000000024000284                hi2c1
 .bss.hi2c2     0x00000000240002d0       0x4c ./Core/Src/i2c.o
                0x00000000240002d0                hi2c2
 .bss.INA33Bus  0x000000002400031c        0x8 ./Core/Src/main.o
                0x000000002400031c                INA33Bus
 .bss.INA18Bus  0x0000000024000324        0x8 ./Core/Src/main.o
                0x0000000024000324                INA18Bus
 .bss.temp_A    0x000000002400032c        0x8 ./Core/Src/main.o
                0x000000002400032c                temp_A
 .bss.i2c_switch
                0x0000000024000334        0x8 ./Core/Src/main.o
                0x0000000024000334                i2c_switch
 .bss.hospi1    0x000000002400033c       0x5c ./Core/Src/octospi.o
                0x000000002400033c                hospi1
 .bss.__sbrk_heap_end
                0x0000000024000398        0x4 ./Core/Src/sysmem.o
 .bss.huart1    0x000000002400039c       0x90 ./Core/Src/usart.o
                0x000000002400039c                huart1
 .bss.uwTick    0x000000002400042c        0x4 ./Drivers/STM32H7xx_HAL_Driver/Src/stm32h7xx_hal.o
                0x000000002400042c                uwTick
 .bss.__lock___malloc_recursive_mutex
                0x0000000024000430        0x1 c:/st/stm32cubeide_1.11.0/stm32cubeide/plugins/com.st.stm32cube.ide.mcu.externaltools.gnu-tools-for-stm32.10.3-2021.10.win32_1.0.100.202210260954/tools/bin/../lib/gcc/arm-none-eabi/10.3.1/../../../../arm-none-eabi/lib/thumb/v7e-m+dp/hard\libc_nano.a(lib_a-lock.o)
                0x0000000024000430                __lock___malloc_recursive_mutex
 .bss.__lock___sfp_recursive_mutex
                0x0000000024000431        0x1 c:/st/stm32cubeide_1.11.0/stm32cubeide/plugins/com.st.stm32cube.ide.mcu.externaltools.gnu-tools-for-stm32.10.3-2021.10.win32_1.0.100.202210260954/tools/bin/../lib/gcc/arm-none-eabi/10.3.1/../../../../arm-none-eabi/lib/thumb/v7e-m+dp/hard\libc_nano.a(lib_a-lock.o)
                0x0000000024000431                __lock___sfp_recursive_mutex
 .bss.__lock___sinit_recursive_mutex
                0x0000000024000432        0x1 c:/st/stm32cubeide_1.11.0/stm32cubeide/plugins/com.st.stm32cube.ide.mcu.externaltools.gnu-tools-for-stm32.10.3-2021.10.win32_1.0.100.202210260954/tools/bin/../lib/gcc/arm-none-eabi/10.3.1/../../../../arm-none-eabi/lib/thumb/v7e-m+dp/hard\libc_nano.a(lib_a-lock.o)
                0x0000000024000432                __lock___sinit_recursive_mutex
 *fill*         0x0000000024000433        0x1 
 .bss.__malloc_free_list
                0x0000000024000434        0x4 c:/st/stm32cubeide_1.11.0/stm32cubeide/plugins/com.st.stm32cube.ide.mcu.externaltools.gnu-tools-for-stm32.10.3-2021.10.win32_1.0.100.202210260954/tools/bin/../lib/gcc/arm-none-eabi/10.3.1/../../../../arm-none-eabi/lib/thumb/v7e-m+dp/hard\libc_nano.a(lib_a-nano-mallocr.o)
                0x0000000024000434                __malloc_free_list
 .bss.__malloc_sbrk_start
                0x0000000024000438        0x4 c:/st/stm32cubeide_1.11.0/stm32cubeide/plugins/com.st.stm32cube.ide.mcu.externaltools.gnu-tools-for-stm32.10.3-2021.10.win32_1.0.100.202210260954/tools/bin/../lib/gcc/arm-none-eabi/10.3.1/../../../../arm-none-eabi/lib/thumb/v7e-m+dp/hard\libc_nano.a(lib_a-nano-mallocr.o)
                0x0000000024000438                __malloc_sbrk_start
 .bss.errno     0x000000002400043c        0x4 c:/st/stm32cubeide_1.11.0/stm32cubeide/plugins/com.st.stm32cube.ide.mcu.externaltools.gnu-tools-for-stm32.10.3-2021.10.win32_1.0.100.202210260954/tools/bin/../lib/gcc/arm-none-eabi/10.3.1/../../../../arm-none-eabi/lib/thumb/v7e-m+dp/hard\libc_nano.a(lib_a-reent.o)
                0x000000002400043c                errno
 *(COMMON)
                0x0000000024000440                . = ALIGN (0x4)
                0x0000000024000440                _ebss = .
                0x0000000024000440                __bss_end__ = _ebss

._user_heap_stack
                0x0000000024000440      0x600 load address 0x000000000800b794
                0x0000000024000440                . = ALIGN (0x8)
                [!provide]                        PROVIDE (end = .)
                0x0000000024000440                PROVIDE (_end = .)
                0x0000000024000640                . = (. + _Min_Heap_Size)
 *fill*         0x0000000024000440      0x200 
                0x0000000024000a40                . = (. + _Min_Stack_Size)
 *fill*         0x0000000024000640      0x400 
                0x0000000024000a40                . = ALIGN (0x8)

/DISCARD/
 libc.a(*)
 libm.a(*)
 libgcc.a(*)

.ARM.attributes
                0x0000000000000000       0x2e
 *(.ARM.attributes)
 .ARM.attributes
                0x0000000000000000       0x1e c:/st/stm32cubeide_1.11.0/stm32cubeide/plugins/com.st.stm32cube.ide.mcu.externaltools.gnu-tools-for-stm32.10.3-2021.10.win32_1.0.100.202210260954/tools/bin/../lib/gcc/arm-none-eabi/10.3.1/thumb/v7e-m+dp/hard/crti.o
 .ARM.attributes
                0x000000000000001e       0x32 c:/st/stm32cubeide_1.11.0/stm32cubeide/plugins/com.st.stm32cube.ide.mcu.externaltools.gnu-tools-for-stm32.10.3-2021.10.win32_1.0.100.202210260954/tools/bin/../lib/gcc/arm-none-eabi/10.3.1/thumb/v7e-m+dp/hard/crtbegin.o
 .ARM.attributes
                0x0000000000000050       0x32 ./Core/Src/dcmi.o
 .ARM.attributes
                0x0000000000000082       0x32 ./Core/Src/gpio.o
 .ARM.attributes
                0x00000000000000b4       0x32 ./Core/Src/i2c.o
 .ARM.attributes
                0x00000000000000e6       0x32 ./Core/Src/log.o
 .ARM.attributes
                0x0000000000000118       0x32 ./Core/Src/main.o
 .ARM.attributes
                0x000000000000014a       0x32 ./Core/Src/octospi.o
 .ARM.attributes
                0x000000000000017c       0x32 ./Core/Src/stm32h7xx_hal_msp.o
 .ARM.attributes
                0x00000000000001ae       0x32 ./Core/Src/stm32h7xx_it.o
 .ARM.attributes
                0x00000000000001e0       0x32 ./Core/Src/syscalls.o
 .ARM.attributes
                0x0000000000000212       0x32 ./Core/Src/sysmem.o
 .ARM.attributes
                0x0000000000000244       0x32 ./Core/Src/system_stm32h7xx.o
 .ARM.attributes
                0x0000000000000276       0x32 ./Core/Src/usart.o
 .ARM.attributes
                0x00000000000002a8       0x21 ./Core/Startup/startup_stm32h723zgtx.o
 .ARM.attributes
                0x00000000000002c9       0x32 ./Drivers/APS6408/aps6408.o
 .ARM.attributes
                0x00000000000002fb       0x32 ./Drivers/INA236/INA236.o
 .ARM.attributes
                0x000000000000032d       0x32 ./Drivers/PCA9543/PCA9543.o
 .ARM.attributes
                0x000000000000035f       0x32 ./Drivers/STM32H7xx_HAL_Driver/Src/stm32h7xx_hal.o
 .ARM.attributes
                0x0000000000000391       0x32 ./Drivers/STM32H7xx_HAL_Driver/Src/stm32h7xx_hal_cortex.o
 .ARM.attributes
                0x00000000000003c3       0x32 ./Drivers/STM32H7xx_HAL_Driver/Src/stm32h7xx_hal_dcmi.o
 .ARM.attributes
                0x00000000000003f5       0x32 ./Drivers/STM32H7xx_HAL_Driver/Src/stm32h7xx_hal_gpio.o
 .ARM.attributes
                0x0000000000000427       0x32 ./Drivers/STM32H7xx_HAL_Driver/Src/stm32h7xx_hal_i2c.o
 .ARM.attributes
                0x0000000000000459       0x32 ./Drivers/STM32H7xx_HAL_Driver/Src/stm32h7xx_hal_i2c_ex.o
 .ARM.attributes
                0x000000000000048b       0x32 ./Drivers/STM32H7xx_HAL_Driver/Src/stm32h7xx_hal_mdma.o
 .ARM.attributes
                0x00000000000004bd       0x32 ./Drivers/STM32H7xx_HAL_Driver/Src/stm32h7xx_hal_ospi.o
 .ARM.attributes
                0x00000000000004ef       0x32 ./Drivers/STM32H7xx_HAL_Driver/Src/stm32h7xx_hal_pwr_ex.o
 .ARM.attributes
                0x0000000000000521       0x32 ./Drivers/STM32H7xx_HAL_Driver/Src/stm32h7xx_hal_rcc.o
 .ARM.attributes
                0x0000000000000553       0x32 ./Drivers/STM32H7xx_HAL_Driver/Src/stm32h7xx_hal_rcc_ex.o
 .ARM.attributes
                0x0000000000000585       0x32 ./Drivers/STM32H7xx_HAL_Driver/Src/stm32h7xx_hal_uart.o
 .ARM.attributes
                0x00000000000005b7       0x32 ./Drivers/STM32H7xx_HAL_Driver/Src/stm32h7xx_hal_uart_ex.o
 .ARM.attributes
                0x00000000000005e9       0x32 ./Drivers/TMP117/TMP117.o
 .ARM.attributes
                0x000000000000061b       0x32 c:/st/stm32cubeide_1.11.0/stm32cubeide/plugins/com.st.stm32cube.ide.mcu.externaltools.gnu-tools-for-stm32.10.3-2021.10.win32_1.0.100.202210260954/tools/bin/../lib/gcc/arm-none-eabi/10.3.1/../../../../arm-none-eabi/lib/thumb/v7e-m+dp/hard\libc_nano.a(lib_a-errno.o)
 .ARM.attributes
                0x000000000000064d       0x32 c:/st/stm32cubeide_1.11.0/stm32cubeide/plugins/com.st.stm32cube.ide.mcu.externaltools.gnu-tools-for-stm32.10.3-2021.10.win32_1.0.100.202210260954/tools/bin/../lib/gcc/arm-none-eabi/10.3.1/../../../../arm-none-eabi/lib/thumb/v7e-m+dp/hard\libc_nano.a(lib_a-impure.o)
 .ARM.attributes