../Core/Src/i2cBus.c:163:9:BSP_I2C4_Init	8	static
../Core/Src/i2cBus.c:200:9:BSP_I2C4_DeInit	16	static
../Core/Src/i2cBus.c:227:26:MX_I2C4_Init	24	static
../Core/Src/i2cBus.c:273:9:BSP_I2C4_WriteReg	40	static
../Core/Src/i2cBus.c:310:9:BSP_I2C4_ReadReg	40	static
../Core/Src/i2cBus.c:347:9:BSP_I2C4_WriteReg16	40	static
../Core/Src/i2cBus.c:384:9:BSP_I2C4_ReadReg16	40	static
../Core/Src/i2cBus.c:421:9:BSP_I2C4_IsReady	24	static
../Core/Src/i2cBus.c:443:9:BSP_GetTick	8	static
../Core/Src/i2cBus.c:532:17:I2C_GetTiming	32	static
../Core/Src/i2cBus.c:570:13:I2C_Compute_PRESC_SCLDEL_SDADEL	64	static
../Core/Src/i2cBus.c:651:17:I2C_Compute_SCLL_SCLH	80	static
../Core/Src/i2cBus.c:729:13:I2C4_MspInit	48	static
../Core/Src/i2cBus.c:774:13:I2C4_MspDeInit	40	static
../Core/Src/i2cBus.c:800:16:I2C4_WriteReg	40	static
../Core/Src/i2cBus.c:819:16:I2C4_ReadReg	40	static
